  warm start airland13 m=2: 4074.46 (seed best 4659.60)
    [seed 97] t=    0.5s  best=4074.2300
    [seed 291] t=   64.7s  best=4586.0200
    [seed 291] t=   64.7s  best=4569.2100
    [seed 291] t=   64.8s  best=4568.2100
    [seed 291] t=   64.8s  best=4545.3000
    [seed 291] t=   65.0s  best=4542.8000
    [seed 291] t=   65.0s  best=4530.5900
    [seed 291] t=   70.6s  best=4514.6700
    [seed 291] t=   70.6s  best=4509.2700
    [seed 291] t=   71.0s  best=4500.5100
    [seed 291] t=   71.0s  best=4494.6100
    [seed 291] t=   71.1s  best=4494.2500
    [seed 291] t=   71.5s  best=4464.3700
    [seed 291] t=   71.6s  best=4454.7600
    [seed 291] t=   71.6s  best=4446.5200
    [seed 291] t=   71.8s  best=4446.5100
    [seed 291] t=   71.9s  best=4444.0100
    [seed 291] t=   72.0s  best=4432.2400
    [seed 291] t=   72.2s  best=4408.8100
    [seed 291] t=   72.2s  best=4366.7600
    [seed 291] t=   72.2s  best=4350.4400
    [seed 291] t=   72.4s  best=4310.4000
    [seed 291] t=   72.4s  best=4309.4000
    [seed 291] t=   72.6s  best=4309.2800
    [seed 291] t=   72.6s  best=4306.9300
    [seed 291] t=   75.5s  best=4297.9000
    [seed 291] t=   75.6s  best=4291.2100
    [seed 291] t=   76.4s  best=4273.8300
    [seed 291] t=   76.5s  best=4271.5300
    [seed 291] t=   76.7s  best=4262.5900
    [seed 291] t=   76.8s  best=4258.5400
    [seed 291] t=   76.8s  best=4255.7800
    [seed 291] t=   76.9s  best=4251.4900
    [seed 291] t=   76.9s  best=4237.1900
    [seed 291] t=   77.5s  best=4218.4500
    [seed 291] t=   77.6s  best=4217.5500
    [seed 291] t=   78.6s  best=4195.5400
    [seed 291] t=   78.7s  best=4192.7700
    [seed 291] t=   78.7s  best=4192.5500
    [seed 291] t=   79.6s  best=4174.7800
    [seed 291] t=   81.0s  best=4160.2100
    [seed 291] t=   81.1s  best=4158.8100
    [seed 291] t=   81.1s  best=4154.3900
    [seed 291] t=   81.5s  best=4149.5100
    [seed 291] t=   81.7s  best=4140.0500
    [seed 291] t=   81.8s  best=4125.8200
    [seed 291] t=   81.8s  best=4122.9400
    [seed 291] t=   81.9s  best=4117.8200
    [seed 291] t=   83.6s  best=4116.1400
    [seed 291] t=   84.8s  best=4087.0100
    [seed 291] t=   87.5s  best=4081.9000
    [seed 291] t=   88.0s  best=4078.3800
    [seed 291] t=   88.1s  best=4068.0200
    [seed 291] t=   88.8s  best=4062.7500
    [seed 291] t=   88.9s  best=4061.3900
    [seed 291] t=   88.9s  best=4055.9300
    [seed 291] t=   89.7s  best=4054.8600
    [seed 291] t=   90.8s  best=4045.6500
    [seed 291] t=   90.9s  best=4020.4100
    [seed 291] t=   91.2s  best=4009.9400
    [seed 194] t=   91.3s  best=4067.7500
    [seed 194] t=   91.7s  best=4058.8000
    [seed 291] t=   91.9s  best=4007.9200
    [seed 194] t=   92.7s  best=4047.3300
    [seed 194] t=   93.6s  best=4029.2700
    [seed 194] t=   93.6s  best=4025.3500
    [seed 194] t=   93.8s  best=4010.8300
    [seed 194] t=   94.4s  best=4005.4400
    [seed 194] t=   94.6s  best=4002.2600
    [seed 97] t=   95.0s  best=4067.9300
    [seed 0] t=   95.1s  best=4064.0400
    [seed 97] t=   95.2s  best=4052.2900
    [seed 0] t=   95.4s  best=4047.8400
    [seed 97] t=   95.4s  best=4051.2800
    [seed 97] t=   95.5s  best=4047.4700
    [seed 0] t=   95.5s  best=4042.2900
    [seed 97] t=   95.5s  best=4047.0800
    [seed 97] t=   95.6s  best=4039.4500
    [seed 0] t=   95.6s  best=4041.7100
    [seed 97] t=   95.7s  best=4038.6700
    [seed 97] t=   95.7s  best=4034.3800
    [seed 97] t=   95.7s  best=4031.2000
    [seed 97] t=   95.8s  best=4021.3000
    [seed 97] t=   96.4s  best=4016.2300
    [seed 194] t=   96.5s  best=3999.7300
    [seed 194] t=   96.5s  best=3999.5200
    [seed 291] t=   96.6s  best=4005.0600
    [seed 291] t=   96.7s  best=4002.7600
    [seed 291] t=   96.7s  best=3994.9700
    [seed 194] t=   96.8s  best=3998.1600
    [seed 0] t=   97.4s  best=4029.5400
    [seed 0] t=   98.5s  best=4025.0900
    [seed 0] t=   99.9s  best=4022.9900
    [seed 194] t=  100.1s  best=3994.2900
    [seed 0] t=  101.6s  best=4021.0500
    [seed 0] t=  102.2s  best=4020.6600
    [seed 0] t=  102.3s  best=4016.6000
    [seed 0] t=  102.4s  best=4008.0600
    [seed 0] t=  102.5s  best=4007.3000
    [seed 194] t=  102.8s  best=3994.1900
    [seed 0] t=  103.2s  best=4004.4600
    [seed 194] t=  103.9s  best=3990.7100
    [seed 194] t=  104.3s  best=3987.1900
    [seed 194] t=  104.5s  best=3983.3800
    [seed 194] t=  105.5s  best=3983.2400
    [seed 194] t=  105.7s  best=3978.9500
    [seed 291] t=  106.3s  best=3993.1200
    [seed 97] t=  107.0s  best=4016.1500
    [seed 97] t=  107.4s  best=4015.7600
    [seed 97] t=  107.6s  best=4013.2100
    [seed 97] t=  107.8s  best=4009.4000
    [seed 97] t=  108.0s  best=4006.8900
    [seed 291] t=  109.0s  best=3983.8000
    [seed 0] t=  109.3s  best=4004.2200
    [seed 97] t=  109.4s  best=3998.2900
    [seed 0] t=  109.5s  best=4003.9500
    [seed 0] t=  109.5s  best=4003.5600
    [seed 291] t=  109.5s  best=3983.5600
    [seed 0] t=  109.8s  best=4000.6500
    [seed 97] t=  110.2s  best=3994.2400
    [seed 0] t=  110.3s  best=4000.6300
    [seed 97] t=  110.3s  best=3985.5000
    [seed 291] t=  110.3s  best=3977.0900
    [seed 291] t=  110.3s  best=3973.5700
    [seed 291] t=  110.9s  best=3970.3900
    [seed 97] t=  111.0s  best=3972.9400
    [seed 194] t=  111.2s  best=3975.4700
    [seed 97] t=  111.2s  best=3964.7000
    [seed 194] t=  111.2s  best=3975.2400
    [seed 0] t=  111.2s  best=3998.9700
    [seed 0] t=  111.8s  best=3991.3600
    [seed 0] t=  111.9s  best=3988.4800
    [seed 291] t=  111.8s  best=3963.9800
    [seed 291] t=  112.7s  best=3958.5200
    [seed 291] t=  112.9s  best=3958.1300
    [seed 97] t=  113.4s  best=3963.2200
    [seed 291] t=  113.5s  best=3957.6200
    [seed 97] t=  114.2s  best=3958.1000
    [seed 97] t=  114.4s  best=3944.3200
    [seed 0] t=  114.7s  best=3987.7700
    [seed 291] t=  115.0s  best=3951.5900
    [seed 291] t=  117.1s  best=3947.2900
    [seed 194] t=  117.8s  best=3974.3300
    [seed 194] t=  117.9s  best=3970.8100
    [seed 194] t=  118.0s  best=3966.5200
    [seed 291] t=  118.1s  best=3945.0100
    [seed 194] t=  118.3s  best=3965.7400
    [seed 194] t=  119.0s  best=3965.3800
    [seed 194] t=  119.7s  best=3963.3600
    [seed 97] t=  120.7s  best=3944.0900
    [seed 194] t=  120.9s  best=3963.1500
    [seed 194] t=  121.3s  best=3959.0900
    [seed 291] t=  121.3s  best=3944.8000
    [seed 291] t=  122.2s  best=3944.6900
    [seed 97] t=  122.8s  best=3942.1200
    [seed 97] t=  123.9s  best=3934.5100
    [seed 194] t=  124.9s  best=3954.5100
    [seed 194] t=  125.0s  best=3951.7500
    [seed 0] t=  126.3s  best=3984.9100
    [seed 194] t=  126.4s  best=3949.9000
    [seed 194] t=  126.4s  best=3948.7900
    [seed 194] t=  126.5s  best=3948.7800
    [seed 194] t=  126.5s  best=3948.5500
    [seed 0] t=  126.8s  best=3984.7800
    [seed 0] t=  126.9s  best=3981.2600
    [seed 194] t=  127.0s  best=3946.5300
    [seed 0] t=  128.2s  best=3981.0200
    [seed 291] t=  128.7s  best=3938.1600
    [seed 194] t=  129.3s  best=3946.0400
    [seed 291] t=  129.3s  best=3938.1400
    [seed 0] t=  129.9s  best=3980.9500
    [seed 0] t=  130.1s  best=3980.7100
    [seed 194] t=  130.1s  best=3943.3600
    [seed 194] t=  130.2s  best=3942.9100
    [seed 291] t=  130.2s  best=3937.2700
    [seed 291] t=  130.8s  best=3936.9700
    [seed 0] t=  131.4s  best=3976.8100
    [seed 0] t=  131.5s  best=3975.9100
    [seed 97] t=  132.5s  best=3932.7700
    [seed 194] t=  132.7s  best=3935.6700
    [seed 194] t=  133.1s  best=3934.2700
    [seed 97] t=  133.3s  best=3929.5700
    [seed 194] t=  133.7s  best=3931.9200
    [seed 194] t=  133.8s  best=3931.1600
    [seed 0] t=  134.2s  best=3975.4100
    [seed 194] t=  135.2s  best=3929.6700
    [seed 194] t=  135.4s  best=3929.2900
    [seed 97] t=  135.7s  best=3928.3300
    [seed 97] t=  135.8s  best=3928.0900
    [seed 97] t=  136.2s  best=3927.6400
    [seed 97] t=  136.5s  best=3927.4100
    [seed 291] t=  136.9s  best=3935.8000
    [seed 194] t=  137.2s  best=3926.6700
    [seed 194] t=  137.3s  best=3926.5800
    [seed 97] t=  137.6s  best=3927.0200
    [seed 0] t=  137.7s  best=3945.6700
    [seed 0] t=  137.8s  best=3944.3100
    [seed 291] t=  138.0s  best=3933.2500
    [seed 291] t=  138.7s  best=3931.2300
    [seed 0] t=  138.9s  best=3938.9100
    [seed 97] t=  139.7s  best=3925.6600
    [seed 194] t=  140.8s  best=3925.9300
    [seed 97] t=  140.8s  best=3925.5700
    [seed 97] t=  140.9s  best=3925.1900
    [seed 194] t=  142.0s  best=3924.5700
    [seed 0] t=  142.2s  best=3937.0400
    [seed 0] t=  147.0s  best=3931.3900
    [seed 194] t=  151.3s  best=3924.4200
    [seed 194] t=  155.6s  best=3923.8000
    [seed 194] t=  156.3s  best=3923.7100
    [seed 0] t=  156.5s  best=3931.2400
    [seed 0] t=  157.1s  best=3930.9400
    [seed 0] t=  157.3s  best=3930.4900
    [seed 194] t=  158.1s  best=3923.4100
    [seed 194] t=  159.1s  best=3923.1000
    [seed 97] t=  163.0s  best=3921.8500
    [seed 97] t=  166.0s  best=3921.6800
    [seed 97] t=  166.8s  best=3921.4700
    [seed 97] t=  167.7s  best=3921.1700
    [seed 194] t=  167.7s  best=3922.9000
    [seed 97] t=  167.8s  best=3921.1500
    [seed 194] t=  167.8s  best=3922.8100
    [seed 291] t=  172.0s  best=3931.0400
    [seed 291] t=  172.9s  best=3930.5900
    [seed 194] t=  174.0s  best=3922.7200
    [seed 291] t=  175.3s  best=3930.5700
    [seed 0] t=  176.9s  best=3930.2100
    [seed 0] t=  178.9s  best=3930.1900
    [seed 291] t=  292.7s  best=3929.0300
    [seed 291] t=  298.3s  best=3928.1100
    [seed 0] t=  300.7s  best=3924.8000
    [seed 0] t=  301.0s  best=3924.7200
    [seed 291] t=  301.3s  best=3927.3500
    [seed 291] t=  301.3s  best=3927.2600
    [seed 0] t=  302.4s  best=3924.4100
    [seed 0] t=  304.1s  best=3923.8500
    [seed 291] t=  306.3s  best=3927.1800
    [seed 291] t=  306.6s  best=3925.8200
    [seed 291] t=  307.9s  best=3921.7800
    [seed 0] t=  308.1s  best=3923.7900
    [seed 291] t=  309.2s  best=3921.7700
    [seed 291] t=  309.7s  best=3921.5300
    [seed 0] t=  310.1s  best=3923.4000
    [seed 291] t=  310.5s  best=3921.1000
    [seed 0] t=  314.4s  best=3923.3900
    [seed 291] t=  314.8s  best=3920.8000
    [seed 0] t=  317.2s  best=3922.7500
    [seed 0] t=  320.1s  best=3922.5100
    [seed 0] t=  320.5s  best=3922.4000
    [seed 291] t=  349.7s  best=3920.5000
    [seed 291] t=  350.3s  best=3920.4100
    [seed 291] t=  352.7s  best=3920.3900
    [seed 97] t=  658.9s  best=3921.0700
    [seed 97] t=  675.0s  best=3920.6200
    [seed 97] t=  679.7s  best=3920.4100
    [seed 0] t= 1559.4s  best=3922.0700
    [seed 0] t= 1564.6s  best=3921.5400
    [seed 0] t= 1565.5s  best=3921.4600
    [seed 0] t= 1568.9s  best=3921.0800
    [seed 0] t= 1570.9s  best=3920.8600
    [seed 0] t= 1576.8s  best=3920.6900
    [seed 0] t= 1590.8s  best=3920.6400
    [seed 0] t= 1606.4s  best=3920.3900
    [seed 194] t= 1609.8s  best=3922.5300
    [seed 194] t= 1610.6s  best=3922.4200
    [seed 194] t= 1620.0s  best=3922.4000
airland13 m=2: seed=4074.46  exactSA=3920.39  bks=3920.39  gap=+0.0000%  lp_feas=True audit=PASS  wall=1800s  chains=[3920.39, 3920.41, 3922.4, 3920.39]  iters/chain~1381376
  warm start airland13 m=3: 706.90 (seed best 878.17)
    [seed 291] t=   89.6s  best=862.0800
    [seed 291] t=   90.2s  best=858.2100
    [seed 291] t=   91.5s  best=850.3100
    [seed 291] t=   92.1s  best=844.7100
    [seed 291] t=   92.2s  best=830.4100
    [seed 291] t=   92.6s  best=826.9700
    [seed 291] t=   96.3s  best=823.2400
    [seed 291] t=   96.5s  best=817.1500
    [seed 291] t=   96.7s  best=816.3900
    [seed 291] t=   96.8s  best=811.2400
    [seed 291] t=   96.8s  best=801.9400
    [seed 291] t=   96.9s  best=794.2000
    [seed 291] t=   97.3s  best=794.1300
    [seed 291] t=   97.9s  best=777.9200
    [seed 291] t=   98.1s  best=771.2000
    [seed 291] t=   98.5s  best=758.1100
    [seed 291] t=  110.0s  best=749.6200
    [seed 291] t=  110.1s  best=746.8600
    [seed 291] t=  110.6s  best=738.7700
    [seed 97] t=  111.1s  best=703.5300
    [seed 97] t=  111.1s  best=700.3500
    [seed 97] t=  111.8s  best=699.2600
    [seed 291] t=  115.4s  best=735.1100
    [seed 97] t=  116.8s  best=695.2500
    [seed 97] t=  117.0s  best=690.1100
    [seed 97] t=  117.8s  best=687.3100
    [seed 291] t=  120.8s  best=724.9900
    [seed 291] t=  120.9s  best=723.2900
    [seed 291] t=  123.3s  best=722.4000
    [seed 194] t=  123.8s  best=694.9800
    [seed 194] t=  124.5s  best=692.7200
    [seed 291] t=  124.8s  best=719.3500
    [seed 194] t=  125.1s  best=691.7100
    [seed 291] t=  125.1s  best=716.4900
    [seed 291] t=  125.4s  best=709.7000
    [seed 291] t=  125.4s  best=702.0800
    [seed 194] t=  128.0s  best=691.5800
    [seed 194] t=  128.3s  best=689.5600
    [seed 291] t=  128.4s  best=700.6800
    [seed 291] t=  129.0s  best=699.8200
    [seed 291] t=  129.8s  best=694.3600
    [seed 194] t=  130.9s  best=683.9000
    [seed 291] t=  130.9s  best=692.9600
    [seed 291] t=  131.0s  best=683.1500
    [seed 291] t=  135.7s  best=682.7600
    [seed 97] t=  135.8s  best=684.4600
    [seed 97] t=  137.1s  best=682.3400
    [seed 97] t=  138.7s  best=681.3300
    [seed 291] t=  139.3s  best=679.6300
    [seed 194] t=  139.4s  best=681.4700
    [seed 194] t=  139.5s  best=678.4900
    [seed 97] t=  139.6s  best=679.9900
    [seed 291] t=  141.4s  best=678.5200
    [seed 194] t=  141.6s  best=677.6800
    [seed 194] t=  146.0s  best=676.0700
    [seed 0] t=  146.8s  best=703.8400
    [seed 291] t=  148.0s  best=675.7400
    [seed 0] t=  148.8s  best=702.4400
    [seed 194] t=  150.1s  best=675.0600
    [seed 0] t=  150.4s  best=700.4200
    [seed 0] t=  150.7s  best=699.3300
    [seed 0] t=  151.5s  best=698.8000
    [seed 0] t=  151.9s  best=695.5700
    [seed 0] t=  153.0s  best=694.5600
    [seed 0] t=  153.1s  best=689.4700
    [seed 291] t=  154.9s  best=673.8500
    [seed 97] t=  164.7s  best=677.7300
    [seed 0] t=  165.8s  best=687.2100
    [seed 0] t=  170.4s  best=673.8500
    [seed 97] t=  312.0s  best=677.4900
    [seed 97] t=  313.3s  best=676.4000
    [seed 194] t=  502.3s  best=674.8600
    [seed 194] t=  507.9s  best=673.8500
    [seed 97] t= 1202.5s  best=676.1100
    [seed 97] t= 1396.8s  best=675.0600
airland13 m=3: seed=706.90  exactSA=673.85  bks=673.85  gap=+0.0000%  lp_feas=True audit=PASS  wall=1800s  chains=[673.85, 675.06, 673.85, 673.85]  iters/chain~1539328
