
Gurobi 13.0.3 (win64) logging started Wed Sep 30 17:30:57 2026

Set parameter LogFile to value "proofs\airland11_m2_gurobi.log"
Gurobi Optimizer version 13.0.3 build v13.0.3rc0 (win64 - Windows 11+.0 (26200.2))

CPU model: AMD Ryzen 5 5625U with Radeon Graphics, instruction set [SSE2|AVX|AVX2]
Thread count: 6 physical cores, 12 logical processors, using up to 10 threads

Non-default parameters:
TimeLimit  21600
MIPGap  1e-09
Threads  10

Optimize a model with 44601 rows, 40800 columns and 137404 nonzeros (Min)
Model fingerprint: 0x4eeac093
Model has 400 linear objective coefficients
Variable types: 600 continuous, 40200 integer (40200 binary)
Coefficient statistics:
  Matrix range     [2e-01, 3e+03]
  Objective range  [1e+00, 2e+00]
  Bounds range     [1e+00, 3e+04]
  RHS range        [1e-01, 2e+04]

Loaded user MIP start with objective 1330.91

Presolve removed 36011 rows and 35937 columns
Presolve time: 0.10s
Presolved: 8590 rows, 4863 columns, 29583 nonzeros
Variable types: 600 continuous, 4263 integer (4263 binary)

Root relaxation: objective 0.000000e+00, 670 iterations, 0.02 seconds (0.02 work units)

    Nodes    |    Current Node    |     Objective Bounds      |     Work
 Expl Unexpl |  Obj  Depth IntInf | Incumbent    BestBd   Gap | It/Node Time

     0     0    0.00000    0   67 1330.91000    0.00000   100%     -    0s
     0     0    0.00000    0  317 1330.91000    0.00000   100%     -    0s
     0     0    0.00000    0  378 1330.91000    0.00000   100%     -    0s
     0     0    0.00000    0   91 1330.91000    0.00000   100%     -    0s
     0     0    0.00000    0  141 1330.91000    0.00000   100%     -    0s
     0     0  181.48768    0  285 1330.91000  181.48768  86.4%     -    0s
     0     0  181.48768    0  285 1330.91000  181.48768  86.4%     -    0s
     0     0  181.48768    0  107 1330.91000  181.48768  86.4%     -    0s
     0     0  206.69219    0  217 1330.91000  206.69219  84.5%     -    0s
     0     0  307.87962    0  285 1330.91000  307.87962  76.9%     -    0s
     0     0  364.88019    0  279 1330.91000  364.88019  72.6%     -    0s
     0     0  364.88331    0  266 1330.91000  364.88331  72.6%     -    1s
     0     0  471.53911    0  261 1330.91000  471.53911  64.6%     -    1s
     0     0  578.94224    0  264 1330.91000  578.94224  56.5%     -    1s
     0     0  580.59936    0  260 1330.91000  580.59936  56.4%     -    1s
     0     0  581.16202    0  259 1330.91000  581.16202  56.3%     -    1s
     0     0  581.18928    0  262 1330.91000  581.18928  56.3%     -    1s
     0     0  655.08098    0  260 1330.91000  655.08098  50.8%     -    1s
     0     0  663.66249    0  270 1330.91000  663.66249  50.1%     -    1s
     0     0  663.66249    0  270 1330.91000  663.66249  50.1%     -    1s
     0     0  683.44982    0  259 1330.91000  683.44982  48.6%     -    1s
     0     0  696.24374    0  259 1330.91000  696.24374  47.7%     -    1s
     0     0  696.64667    0  284 1330.91000  696.64667  47.7%     -    1s
     0     0  698.30958    0  283 1330.91000  698.30958  47.5%     -    1s
     0     0  703.51464    0  281 1330.91000  703.51464  47.1%     -    1s
     0     0  703.51464    0  281 1330.91000  703.51464  47.1%     -    1s
     0     0  720.03260    0  266 1330.91000  720.03260  45.9%     -    1s
     0     0  725.20133    0  271 1330.91000  725.20133  45.5%     -    1s
     0     0  725.20133    0  268 1330.91000  725.20133  45.5%     -    1s
     0     0  732.23229    0  248 1330.91000  732.23229  45.0%     -    1s
     0     0  733.43009    0  267 1330.91000  733.43009  44.9%     -    2s
     0     0  735.74293    0  275 1330.91000  735.74293  44.7%     -    2s
     0     0  735.74293    0  278 1330.91000  735.74293  44.7%     -    2s
     0     0  741.91053    0  253 1330.91000  741.91053  44.3%     -    2s
     0     0  750.34141    0  277 1330.91000  750.34141  43.6%     -    2s
     0     0  750.34141    0  258 1330.91000  750.34141  43.6%     -    2s
     0     0  750.34141    0  257 1330.91000  750.34141  43.6%     -    2s
     0     0  750.34141    0  279 1330.91000  750.34141  43.6%     -    2s
     0     0  750.34141    0  280 1330.91000  750.34141  43.6%     -    2s
     0     0  750.34141    0  281 1330.91000  750.34141  43.6%     -    2s
     0     0  750.34141    0  258 1330.91000  750.34141  43.6%     -    2s
     0     0  758.72733    0  258 1330.91000  758.72733  43.0%     -    2s
     0     0  758.72733    0  258 1330.91000  758.72733  43.0%     -    2s
     0     0  758.72733    0  260 1330.91000  758.72733  43.0%     -    2s
     0     0  758.72733    0  261 1330.91000  758.72733  43.0%     -    3s
     0     0  758.72733    0  263 1330.91000  758.72733  43.0%     -    3s
     0     0  758.72733    0  260 1330.91000  758.72733  43.0%     -    3s
     0     0  758.72733    0  260 1330.91000  758.72733  43.0%     -    3s
     0     0  758.72733    0  167 1330.91000  758.72733  43.0%     -    3s
     0     2  758.72733    0  158 1330.91000  758.72733  43.0%     -    3s
   684   679 1181.91465   37  140 1330.91000  779.90080  41.4%  10.3    5s
  1999  1669 1017.74408   19  215 1330.91000  980.72984  26.3%   8.8   10s
  3086  2169 1168.17742   19  138 1330.91000 1066.89877  19.8%  17.6   15s
  6639  3009     cutoff   32      1330.91000 1109.25600  16.7%  15.0   20s
 10146  4580 1302.77684   51  132 1330.91000 1129.97901  15.1%  14.0   25s
 13473  6088 1328.52843   32  133 1330.91000 1144.17633  14.0%  13.5   30s
 16196  7067 1287.40225   44  167 1330.91000 1151.31239  13.5%  13.0   36s

Cutting planes:
  Learned: 1
  Gomory: 9
  Cover: 5
  Clique: 10
  MIR: 129
  Flow cover: 224
  RLT: 2

Explored 21789 nodes (284180 simplex iterations) in 39.93 seconds (17.97 work units)
Thread count was 10 (of 12 available processors)

Solution count 4: 1330.91 1330.91 1330.91 1330.91 

Optimal solution found (tolerance 1.00e-09)
Best objective 1.330910000000e+03, best bound 1.330910000000e+03, gap 0.0000%
