
Gurobi 13.0.3 (win64) logging started Wed Sep 30 17:31:39 2026

Set parameter LogFile to value "proofs\airland12_m2_gurobi.log"
Gurobi Optimizer version 13.0.3 build v13.0.3rc0 (win64 - Windows 11+.0 (26200.2))

CPU model: AMD Ryzen 5 5625U with Radeon Graphics, instruction set [SSE2|AVX|AVX2]
Thread count: 6 physical cores, 12 logical processors, using up to 10 threads

Non-default parameters:
TimeLimit  21600
MIPGap  1e-09
Threads  10

Optimize a model with 69455 rows, 63500 columns and 214070 nonzeros (Min)
Model fingerprint: 0xc826ffee
Model has 500 linear objective coefficients
Variable types: 750 continuous, 62750 integer (62750 binary)
Coefficient statistics:
  Matrix range     [1e-02, 4e+03]
  Objective range  [1e+00, 2e+00]
  Bounds range     [1e+00, 3e+04]
  RHS range        [3e-02, 3e+04]

Loaded user MIP start with objective 1695.62

Presolve removed 56297 rows and 56227 columns
Presolve time: 0.13s
Presolved: 13158 rows, 7273 columns, 45393 nonzeros
Variable types: 750 continuous, 6523 integer (6523 binary)

Root relaxation: objective 0.000000e+00, 580 iterations, 0.03 seconds (0.03 work units)

    Nodes    |    Current Node    |     Objective Bounds      |     Work
 Expl Unexpl |  Obj  Depth IntInf | Incumbent    BestBd   Gap | It/Node Time

     0     0    0.00000    0  109 1695.62000    0.00000   100%     -    0s
     0     0    0.00000    0  351 1695.62000    0.00000   100%     -    0s
     0     0    0.00000    0  572 1695.62000    0.00000   100%     -    0s
     0     0    0.00000    0  122 1695.62000    0.00000   100%     -    1s
     0     0   45.52288    0  292 1695.62000   45.52288  97.3%     -    1s
     0     0   86.62000    0  376 1695.62000   86.62000  94.9%     -    1s
     0     0   86.62000    0  376 1695.62000   86.62000  94.9%     -    1s
     0     0   86.62000    0  141 1695.62000   86.62000  94.9%     -    1s
     0     0   86.62000    0  343 1695.62000   86.62000  94.9%     -    1s
     0     0   97.94769    0  293 1695.62000   97.94769  94.2%     -    1s
     0     0   97.94769    0  297 1695.62000   97.94769  94.2%     -    1s
     0     0  215.79708    0  345 1695.62000  215.79708  87.3%     -    2s
     0     0  323.53865    0  352 1695.62000  323.53865  80.9%     -    2s
     0     0  323.70236    0  343 1695.62000  323.70236  80.9%     -    2s
     0     0  326.53934    0  345 1695.62000  326.53934  80.7%     -    2s
     0     0  326.53934    0  340 1695.62000  326.53934  80.7%     -    2s
     0     0  545.14610    0  369 1695.62000  545.14610  67.8%     -    2s
     0     0  545.14610    0  369 1695.62000  545.14610  67.8%     -    2s
     0     0  639.29066    0  360 1695.62000  639.29066  62.3%     -    2s
     0     0  640.45962    0  363 1695.62000  640.45962  62.2%     -    2s
     0     0  641.70388    0  360 1695.62000  641.70388  62.2%     -    2s
     0     0  642.13576    0  362 1695.62000  642.13576  62.1%     -    2s
     0     0  642.17102    0  363 1695.62000  642.17102  62.1%     -    2s
     0     0  722.53780    0  359 1695.62000  722.53780  57.4%     -    3s
     0     0  755.83216    0  353 1695.62000  755.83216  55.4%     -    3s
     0     0  755.83216    0  353 1695.62000  755.83216  55.4%     -    3s
     0     0  781.77042    0  356 1695.62000  781.77042  53.9%     -    3s
     0     0  795.64709    0  362 1695.62000  795.64709  53.1%     -    3s
     0     0  795.64709    0  363 1695.62000  795.64709  53.1%     -    3s
     0     0  826.88962    0  370 1695.62000  826.88962  51.2%     -    3s
     0     0  831.27347    0  366 1695.62000  831.27347  51.0%     -    3s
     0     0  831.27347    0  367 1695.62000  831.27347  51.0%     -    3s
     0     0  840.65139    0  372 1695.62000  840.65139  50.4%     -    4s
     0     0  846.85529    0  374 1695.62000  846.85529  50.1%     -    4s
     0     0  848.09271    0  376 1695.62000  848.09271  50.0%     -    4s
     0     0  848.13958    0  378 1695.62000  848.13958  50.0%     -    4s
     0     0  853.41780    0  391 1695.62000  853.41780  49.7%     -    4s
     0     0  857.04888    0  385 1695.62000  857.04888  49.5%     -    4s
     0     0  857.04888    0  384 1695.62000  857.04888  49.5%     -    4s
     0     0  858.61477    0  394 1695.62000  858.61477  49.4%     -    5s
     0     0  867.31952    0  388 1695.62000  867.31952  48.8%     -    5s
     0     0  867.31952    0  388 1695.62000  867.31952  48.8%     -    5s
     0     0  869.14455    0  391 1695.62000  869.14455  48.7%     -    5s
     0     0  880.58302    0  393 1695.62000  880.58302  48.1%     -    5s
     0     0  880.58302    0  394 1695.62000  880.58302  48.1%     -    5s
     0     0  880.58302    0  394 1695.62000  880.58302  48.1%     -    5s
     0     0  880.58302    0  394 1695.62000  880.58302  48.1%     -    5s
     0     0  880.58302    0  385 1695.62000  880.58302  48.1%     -    6s
     0     0  880.58302    0  213 1695.62000  880.58302  48.1%     -    6s
     0     2  880.58302    0  202 1695.62000  880.58302  48.1%     -    6s
  1025   980 1162.87786    9  298 1695.62000  977.60512  42.3%  12.1   10s
  1807  1632 1285.42221   26  611 1695.62000 1005.01928  40.7%  11.0   15s
  1846  1658 1220.07051   11  256 1695.62000 1220.07051  28.0%  10.8   20s
  1923  1721 1334.51700   21  198 1695.62000 1279.08401  24.6%  25.2   25s
  2389  2026 1466.46032   45  104 1695.62000 1279.08401  24.6%  22.7   30s
  3456  2627 1319.14743   27  200 1695.62000 1294.92181  23.6%  19.0   35s
  5647  3474 1566.26452   43  150 1695.62000 1311.52123  22.7%  16.7   40s
  8727  5124 1506.32158   33  197 1695.62000 1330.07440  21.6%  14.9   45s
 11778  7305 1666.43390   74   54 1695.62000 1335.13265  21.3%  14.0   50s
 14182  9106 1682.69687   44  162 1695.62000 1340.77073  20.9%  13.6   55s
 15776 10311 1551.09143   59  113 1695.62000 1342.20192  20.8%  13.4   60s
 16566 10379 1344.07042   34  167 1695.62000 1344.07042  20.7%  14.0   65s
 18114 11150 1600.18119   68  123 1695.62000 1344.07042  20.7%  14.1   70s
 21861 12554 1529.55742   44  140 1695.62000 1355.65006  20.0%  13.8   75s
 25775 13669     cutoff   71      1695.62000 1371.04234  19.1%  13.5   80s
 29591 15167 1572.28127   56  122 1695.62000 1376.63938  18.8%  13.2   85s
 33062 16637 1586.18622   61  117 1695.62000 1380.17195  18.6%  12.9   90s
 36779 17003 1631.37094   76  113 1695.62000 1383.66786  18.4%  12.7   95s
 40146 18644 1674.84929   80   49 1695.62000 1388.35267  18.1%  12.6  101s
 43695 19821 1583.09223   49  138 1695.62000 1391.46011  17.9%  12.5  105s
 47565 20856     cutoff   76      1695.62000 1395.72575  17.7%  12.4  111s
 49784 21556 1581.62343   48  213 1695.62000 1397.22144  17.6%  12.3  136s
 49798 21565 1525.62501   51  185 1695.62000 1397.22144  17.6%  12.3  140s
 49803 21569 1424.80956   38  173 1695.62000 1397.22144  17.6%  12.3  145s
 49808 21572 1672.62705   61  161 1695.62000 1397.22144  17.6%  12.3  150s
 49812 21575 1673.48233   66  189 1695.62000 1397.22144  17.6%  12.3  155s
 49817 21578 1671.38631   80  150 1695.62000 1397.22144  17.6%  12.3  160s
 49821 21581 1516.99413   49  150 1695.62000 1397.22144  17.6%  12.3  165s
 49826 21584 1565.02879   55  164 1695.62000 1397.22144  17.6%  12.3  170s
 49831 21587 1692.81710   74  160 1695.62000 1397.22144  17.6%  12.3  175s
 49836 21591 1558.96608   54  168 1695.62000 1397.22144  17.6%  12.3  180s
 49841 21594 1632.86145   52  158 1695.62000 1397.22144  17.6%  12.3  185s
 49846 21597 1652.68412   77  169 1695.62000 1397.22144  17.6%  12.3  190s
 49850 21600 1400.04600   43  168 1695.62000 1397.22144  17.6%  12.3  195s
 49854 21603 1624.45163   57  168 1695.62000 1397.22144  17.6%  12.3  200s
 49859 21606 1611.59996   58  145 1695.62000 1397.22144  17.6%  12.3  205s
 49864 21609 1690.94335   63  161 1695.62000 1397.22144  17.6%  12.3  210s
 49868 21612 1687.45635   52  160 1695.62000 1397.22144  17.6%  12.3  215s
 49873 21615 1562.65712   73  173 1695.62000 1397.22144  17.6%  12.3  220s
 49876 21617 1635.87749   63  160 1695.62000 1397.22144  17.6%  12.3  225s
 49897 21631 1575.04014   71  173 1695.62000 1397.22144  17.6%  12.3  230s
 49921 21647 1516.99413   49  176 1695.62000 1397.22144  17.6%  12.3  235s
 49944 21663 1580.02399   67  167 1695.62000 1397.22144  17.6%  12.3  240s
 49964 21676 1690.94335   63  172 1695.62000 1397.22144  17.6%  12.3  245s
 50215 21854 1445.70691   54  181 1695.62000 1397.22144  17.6%  13.5  250s
 51998 22579 1608.80755   67  138 1695.62000 1397.22144  17.6%  13.7  255s
 53416 23153 1527.99416   69  119 1695.62000 1399.32600  17.5%  13.8  260s
 56784 24198 1693.99696   60  122 1695.62000 1417.83375  16.4%  13.9  265s
 59924 25012 1468.30101   61  142 1695.62000 1425.51574  15.9%  14.0  270s
 62947 25779 1656.10512   59  109 1695.62000 1433.81221  15.4%  14.1  275s
 65594 26494 1631.66463   77  110 1695.62000 1438.36342  15.2%  14.1  280s
 66379 26234 1658.73707   77  213 1695.62000 1439.28465  15.1%  14.1  395s
 66396 26245 1567.92063   60   65 1695.62000 1560.98255  7.94%  14.1  400s
 66405 26251 1560.98255   59   72 1695.62000 1560.98255  7.94%  14.1  405s
 66414 26257 1651.84596   76   75 1695.62000 1560.98255  7.94%  14.1  410s
 66424 26264 1602.62074   63   70 1695.62000 1562.73034  7.84%  14.1  415s
 66435 26271 1595.71991   62   62 1695.62000 1564.67813  7.72%  14.1  420s
 66445 26278 1619.56226   72   71 1695.62000 1564.88967  7.71%  14.1  425s
 66455 26285 1596.03141   63   89 1695.62000 1574.58089  7.14%  14.1  430s
 66465 26291 1681.07559   72   83 1695.62000 1582.37259  6.68%  14.1  435s
 66474 26297 1644.77590   79   78 1695.62000 1587.75305  6.36%  14.1  440s
 66483 26303 1599.69111   62   81 1695.62000 1593.44218  6.03%  14.1  445s
 66508 26320 1598.35633   67   83 1695.62000 1598.35633  5.74%  14.1  450s
 66556 26354 1602.32835   53   60 1695.62000 1602.32835  5.50%  14.5  455s
 71918 25263 1691.16604   72   37 1695.62000 1665.12330  1.80%  14.5  460s

Cutting planes:
  Gomory: 16
  Lift-and-project: 8
  Cover: 5
  Clique: 6
  MIR: 280
  Mixing: 3
  StrongCG: 1
  Flow cover: 726
  Zero half: 1
  RLT: 12
  Relax-and-lift: 2

Explored 75093 nodes (1097190 simplex iterations) in 462.61 seconds (196.76 work units)
Thread count was 10 (of 12 available processors)

Solution count 5: 1695.62 1695.62 1695.62 ... 1695.62

Optimal solution found (tolerance 1.00e-09)
Best objective 1.695620000000e+03, best bound 1.695620000000e+03, gap 0.0000%
