
Gurobi 13.0.3 (win64) logging started Thu Oct  1 05:53:18 2026

Set parameter LogFile to value "proofs\airland13_m2_gurobi_b20_t12.log"
Gurobi Optimizer version 13.0.3 build v13.0.3rc0 (win64 - Windows 11+.0 (26200.2))

CPU model: AMD Ryzen 5 5625U with Radeon Graphics, instruction set [SSE2|AVX|AVX2]
Thread count: 6 physical cores, 12 logical processors, using up to 10 threads

Non-default parameters:
TimeLimit  3600
MIPGap  1e-09
Threads  10

Optimize a model with 321910 rows, 252000 columns and 1145072 nonzeros (Min)
Model fingerprint: 0xe369aece
Model has 1000 linear objective coefficients
Variable types: 1500 continuous, 250500 integer (250500 binary)
Coefficient statistics:
  Matrix range     [1e+00, 4e+03]
  Objective range  [1e+00, 2e+00]
  Bounds range     [1e+00, 6e+04]
  RHS range        [1e+00, 5e+04]

Loaded user MIP start with objective 3920.39

Presolve removed 233825 rows and 233192 columns
Presolve time: 0.26s
Presolved: 88085 rows, 18808 columns, 439832 nonzeros
Extracted 53073 lazy constraints
Variable types: 1500 continuous, 17308 integer (17308 binary)
Performing another presolve...
Presolve removed 592 rows and 357 columns
Presolve time: 0.57s
Root relaxation presolved: 34655 rows, 18451 columns, 120400 nonzeros

Deterministic concurrent LP optimizer: primal and dual simplex
Showing primal log only...

Concurrent spin time: 0.00s

Solved with dual simplex

Root relaxation: objective 3.741580e+03, 1266 iterations, 0.20 seconds (0.13 work units)

    Nodes    |    Current Node    |     Objective Bounds      |     Work
 Expl Unexpl |  Obj  Depth IntInf | Incumbent    BestBd   Gap | It/Node Time

     0     0 3741.58000    0  281 3920.39000 3741.58000  4.56%     -    1s
     0     0 3741.58000    0  860 3920.39000 3741.58000  4.56%     -    2s
     0     0 3741.58000    0  859 3920.39000 3741.58000  4.56%     -    2s
     0     0 3741.58000    0 1600 3920.39000 3741.58000  4.56%     -    4s
     0     0 3741.58000    0  790 3920.39000 3741.58000  4.56%     -    8s
H    0     0                    3920.3899977 3741.58000  4.56%     -    9s
     0     0 3741.58000    0  965 3920.39000 3741.58000  4.56%     -   10s
     0     0 3741.58000    0 1400 3920.39000 3741.58000  4.56%     -   14s
     0     0 3741.58000    0  156 3920.39000 3741.58000  4.56%     -   16s
H    0     0                    3920.3899971 3741.58000  4.56%     -   17s
     0     0 3741.58000    0  628 3920.39000 3741.58000  4.56%     -   18s
     0     0 3741.58000    0  696 3920.39000 3741.58000  4.56%     -   19s
     0     0 3741.58000    0  127 3920.39000 3741.58000  4.56%     -   20s
     0     0 3741.58000    0  541 3920.39000 3741.58000  4.56%     -   21s
     0     0 3741.58000    0  629 3920.39000 3741.58000  4.56%     -   22s
     0     0 3741.58000    0   98 3920.39000 3741.58000  4.56%     -   23s
     0     0 3741.58000    0  593 3920.39000 3741.58000  4.56%     -   24s
     0     0 3741.67189    0  596 3920.39000 3741.67189  4.56%     -   24s
     0     0 3741.67189    0  595 3920.39000 3741.67189  4.56%     -   24s
     0     0 3741.67189    0   81 3920.39000 3741.67189  4.56%     -   25s
     0     0 3742.55371    0  531 3920.39000 3742.55371  4.54%     -   26s
     0     0 3742.55371    0  590 3920.39000 3742.55371  4.54%     -   27s
     0     0 3742.55371    0  594 3920.39000 3742.55371  4.54%     -   27s
     0     0 3742.55371    0  581 3920.39000 3742.55371  4.54%     -   28s
     0     0 3742.55371    0  600 3920.39000 3742.55371  4.54%     -   28s
     0     0 3742.55371    0  597 3920.39000 3742.55371  4.54%     -   29s
     0     0 3742.55371    0   80 3920.39000 3742.55371  4.54%     -   29s
     0     0 3742.55371    0  479 3920.39000 3742.55371  4.54%     -   30s
     0     0 3742.55371    0  441 3920.39000 3742.55371  4.54%     -   30s
     0     0 3742.55371    0   90 3920.39000 3742.55371  4.54%     -   31s
     0     0 3742.55371    0  440 3920.39000 3742.55371  4.54%     -   31s
     0     0 3742.55371    0  414 3920.39000 3742.55371  4.54%     -   31s
     0     0 3742.55371    0   83 3920.39000 3742.55371  4.54%     -   32s
     0     0 3742.55371    0   82 3920.39000 3742.55371  4.54%     -   32s
     0     0 3742.55371    0   54 3920.39000 3742.55371  4.54%     -   33s
     0     2 3742.55371    0   43 3920.39000 3742.55371  4.54%     -   33s
    15    26 3799.20000    4  357 3920.39000 3744.20000  4.49%   402   35s
   365   452 3861.47000   32  371 3920.39000 3744.20000  4.49%  45.1   41s
   745   790     cutoff   63      3920.39000 3744.20000  4.49%  34.5   45s
  1514  1137     cutoff   49      3920.39000 3744.20000  4.49%  26.1   52s
  1543  1198 3916.87470   51  392 3920.39000 3744.20000  4.49%  25.9   55s
  1838  1539     cutoff   46      3920.39000 3744.20000  4.49%  25.1   60s
  2155  1540 3918.04000   54 1813 3920.39000 3744.20000  4.49%  23.8   70s
  3081  1988 3871.71000   48  401 3920.39000 3785.78000  3.43%  27.3   75s
  5321  2877 3916.45328  124  473 3920.39000 3785.78000  3.43%  20.1   80s
  8668  4652 3907.22655  146  471 3920.39000 3785.78000  3.43%  16.4   85s
 11915  6837 3920.14739  175  371 3920.39000 3785.78000  3.43%  14.7   90s
 14252  9088 3920.14739  209  303 3920.39000 3785.78000  3.43%  14.2   95s
 19162 12118 3876.30934   81  249 3920.39000 3787.09029  3.40%  13.2  100s
 20866 13952 3864.85000   31  181 3920.39000 3787.18000  3.40%  13.0  105s
 25214 17341 3858.97000  148  337 3920.39000 3789.62000  3.34%  12.6  110s
 30233 21079 3830.29906  154  379 3920.39000 3795.23029  3.19%  12.2  115s
 34649 25179 3865.12678  138  259 3920.39000 3800.47163  3.06%  12.0  121s
 39551 28317 3894.14000   47  180 3920.39000 3801.86000  3.02%  11.9  126s
 44020 31555 3887.50972  223  287 3920.39000 3801.86000  3.02%  11.8  131s
 48229 34421     cutoff   71      3920.39000 3801.86000  3.02%  11.7  135s
 52764 37592 3807.67000   48  196 3920.39000 3801.86000  3.02%  11.6  140s
 56668 40215     cutoff   70      3920.39000 3801.86000  3.02%  11.6  145s
 62171 43879 3902.96058   72  234 3920.39000 3801.86000  3.02%  11.4  150s
 65870 46662 3914.97934  165  169 3920.39000 3802.03054  3.02%  11.4  155s
 71442 50254 3809.76163   37  224 3920.39000 3803.94000  2.97%  11.4  160s
 76628 53384 3872.80000   49  197 3920.39000 3805.34000  2.93%  11.4  166s
 79828 54872 3826.80064   37  122 3920.39000 3805.34000  2.93%  11.5  170s
 84397 57047 3806.19163   42  119 3920.39000 3806.19163  2.91%  11.5  176s
 87633 58580 3874.29014   38  148 3920.39000 3806.19163  2.91%  11.6  180s
 91841 60446 3854.71163   45   77 3920.39000 3806.19163  2.91%  11.6  186s
 95017 61575 3885.02163   42  202 3920.39000 3806.19163  2.91%  11.7  190s
 98017 62917 3828.87163   45  123 3920.39000 3806.19163  2.91%  11.7  195s
 102005 64571 3869.93640   50  131 3920.39000 3806.19163  2.91%  11.8  200s
 105019 65648 3890.97163   54  115 3920.39000 3806.19163  2.91%  11.9  205s
 109170 67161 3902.49497   65  177 3920.39000 3806.19163  2.91%  12.0  211s
 112375 68274 3877.22000   60  152 3920.39000 3806.19163  2.91%  12.0  215s
 116627 69631     cutoff   53      3920.39000 3806.19163  2.91%  12.1  221s
 119595 70828 3806.19163   45  125 3920.39000 3806.19163  2.91%  12.1  225s
 122701 71876 3828.87163   49  115 3920.39000 3806.19163  2.91%  12.1  230s
 126566 73164 3861.36163   50   99 3920.39000 3806.19163  2.91%  12.2  236s
 129634 74044     cutoff   49      3920.39000 3806.19163  2.91%  12.3  240s
 133801 75008 3836.88163   48  117 3920.39000 3806.19163  2.91%  12.3  246s
 137090 75688     cutoff   46      3920.39000 3806.19163  2.91%  12.3  251s
 140259 76458     cutoff   50      3920.39000 3806.19163  2.91%  12.4  255s
 144295 77433     cutoff   61      3920.39000 3806.19163  2.91%  12.4  261s
 147215 78168     cutoff   49      3920.39000 3806.19163  2.91%  12.5  265s
 150242 79495 3878.87163   46  132 3920.39000 3806.19163  2.91%  12.5  270s
 154399 82123 3823.38163   45  135 3920.39000 3806.19163  2.91%  12.5  275s
 159005 84273 3828.04163   48  165 3920.39000 3806.19163  2.91%  12.5  281s
 162424 86147 3903.71099   55  206 3920.39000 3806.19163  2.91%  12.4  285s
 167090 88569 3883.89644   54  202 3920.39000 3806.19163  2.91%  12.4  290s
 171456 91070 3827.27163   58  150 3920.39000 3806.19163  2.91%  12.4  296s
 174785 92688     cutoff   98      3920.39000 3806.19163  2.91%  12.4  300s
 179225 95417 3913.63204  125  298 3920.39000 3806.19163  2.91%  12.3  305s
 183759 98138 3874.24163   59  162 3920.39000 3806.19163  2.91%  12.3  310s
 188144 100773 3884.51000   71  205 3920.39000 3806.19163  2.91%  12.3  315s
 192553 103413 3900.70000  114  301 3920.39000 3806.19163  2.91%  12.2  321s
 196015 105552 3914.38424   96  359 3920.39000 3806.19163  2.91%  12.2  325s
 200589 108133 3830.65163   58  155 3920.39000 3806.19163  2.91%  12.1  330s
 205086 110644 3870.51946  101  347 3920.39000 3806.19163  2.91%  12.1  335s
 209395 112921 3901.41163   59  196 3920.39000 3806.19163  2.91%  12.1  340s
 214067 115538 3918.81000   91  346 3920.39000 3806.19163  2.91%  12.1  346s
 218336 117862 3910.36104   95  367 3920.39000 3806.19163  2.91%  12.1  351s
 221716 119352 3806.19163   56  162 3920.39000 3806.19163  2.91%  12.1  355s
 226307 121767 3883.16163   58  210 3920.39000 3806.19163  2.91%  12.0  360s
 230664 124049 3824.21163   57  149 3920.39000 3806.19163  2.91%  12.0  365s
 235260 126661 3881.77000   88  205 3920.39000 3806.19163  2.91%  12.0  370s
 239725 129090 3918.19099  102  333 3920.39000 3806.19163  2.91%  12.0  375s
 244210 131625 3882.27797   95  335 3920.39000 3806.19163  2.91%  12.0  380s
 249205 134448 3861.26000   68  150 3920.39000 3806.19163  2.91%  11.9  385s
 253442 137266 3883.29000   68  187 3920.39000 3806.19163  2.91%  11.9  391s
 256992 138971 3844.19163   64  144 3920.39000 3806.19163  2.91%  11.9  395s
 261607 141487 3884.69000   73  210 3920.39000 3806.19163  2.91%  11.9  400s
 266470 144319 3883.29000   95  339 3920.39000 3806.19163  2.91%  11.8  405s
 271314 146738 3911.17839  107  350 3920.39000 3806.19163  2.91%  11.8  410s
 276135 149486 3806.19163   64  139 3920.39000 3806.19163  2.91%  11.8  415s
 281169 152052 3806.19163   67  130 3920.39000 3806.19163  2.91%  11.7  421s
 286175 154752 3882.65011   63  143 3920.39000 3806.19163  2.91%  11.7  426s
 290663 157240 3911.65265  104  347 3920.39000 3806.19163  2.91%  11.7  431s
 294208 159387 3806.19163   60  161 3920.39000 3806.19163  2.91%  11.6  435s
 299047 161846 3909.16087   90  315 3920.39000 3806.19163  2.91%  11.6  440s
 304018 164788 3806.31759   61  151 3920.39000 3806.19163  2.91%  11.6  446s
 307494 166464 3879.52972  109  240 3920.39000 3806.19163  2.91%  11.6  450s
 312440 168856 3914.94104  113  249 3920.39000 3806.19163  2.91%  11.6  455s
 317274 171338 3902.96000   77  212 3920.39000 3806.19163  2.91%  11.5  460s
 321874 173780 3902.17972  187  205 3920.39000 3806.19163  2.91%  11.5  465s
 326842 176395     cutoff  108      3920.39000 3806.19163  2.91%  11.5  471s
 331583 178839 3891.39000   74  196 3920.39000 3806.19163  2.91%  11.5  476s
 335287 180497     cutoff   65      3920.39000 3806.19163  2.91%  11.4  480s
 340141 182800 3917.84104  109  365 3920.39000 3806.19163  2.91%  11.4  485s
 345128 185457 3806.19163   58  123 3920.39000 3806.19163  2.91%  11.4  490s
 348685 187353 3854.83163   63  153 3920.39000 3806.19163  2.91%  11.4  495s
 353517 190048     cutoff   62      3920.39000 3806.19163  2.91%  11.3  500s
 357950 192181     cutoff  108      3920.39000 3806.19163  2.91%  11.3  505s
 360206 193208     cutoff   58      3920.39000 3806.19163  2.91%  11.3  510s
 364807 195366 3920.00163   66  185 3920.39000 3806.19163  2.91%  11.3  515s
 368279 196905 3806.19163   59  149 3920.39000 3806.19163  2.91%  11.3  520s
 372877 199473     cutoff   89      3920.39000 3806.19163  2.91%  11.3  525s
 377772 202190     cutoff  118      3920.39000 3806.19163  2.91%  11.2  531s
 382829 205145 3806.34163   65  160 3920.39000 3806.19163  2.91%  11.2  536s
 386478 207322 3806.19163   52  172 3920.39000 3806.19163  2.91%  11.2  540s
 391311 210066 3879.31000   84  239 3920.39000 3806.19163  2.91%  11.2  545s
 395780 212489 3898.59163   61  157 3920.39000 3806.19163  2.91%  11.2  550s
 400170 214842 3919.29163   58  158 3920.39000 3806.19163  2.91%  11.2  556s
 403911 216901 3870.19163   57  157 3920.39000 3806.19163  2.91%  11.1  560s
 408549 219444 3886.70000   80  221 3920.39000 3806.19163  2.91%  11.1  565s
 412831 221821     cutoff   63      3920.39000 3806.19163  2.91%  11.1  570s
 416980 223914 3892.00000   92  188 3920.39000 3806.19163  2.91%  11.1  575s
 421441 226193 3806.19163   61  142 3920.39000 3806.19163  2.91%  11.1  581s
 424762 227935 3806.19163   59  139 3920.39000 3806.19163  2.91%  11.1  585s
 429306 230472 3908.06000   76  201 3920.39000 3806.19163  2.91%  11.1  590s
 433937 232754 3908.06000   68  192 3920.39000 3806.19163  2.91%  11.1  595s
 438548 235277     cutoff   67      3920.39000 3806.19163  2.91%  11.0  600s
 443210 237633 3907.20691  118  274 3920.39000 3806.19163  2.91%  11.0  605s
 447748 240017     cutoff   63      3920.39000 3806.19163  2.91%  11.0  611s
 452225 242436 3883.96972  246  166 3920.39000 3806.19163  2.91%  11.0  616s
 455605 244235 3879.26000   84  183 3920.39000 3806.19163  2.91%  11.0  620s
 460019 246539 3880.66000   91  174 3920.39000 3806.19163  2.91%  11.0  625s
 464436 248858 3875.69000   68  217 3920.39000 3806.19163  2.91%  11.0  630s
 468244 250526 3906.71972  208  193 3920.39000 3806.19163  2.91%  11.0  635s
 472557 252674 3806.19163   59  144 3920.39000 3806.19163  2.91%  11.0  640s
 477035 254886 3916.44104  105  314 3920.39000 3806.19163  2.91%  11.0  646s
 480581 256730 3911.20000   81  162 3920.39000 3806.19163  2.91%  10.9  650s
 484858 258612 3883.29000   80  200 3920.39000 3806.19163  2.91%  10.9  655s
 489396 260378 3806.19163   56  145 3920.39000 3806.19163  2.91%  10.9  660s
 491327 261579 3896.03000   74  179 3920.39000 3806.19163  2.91%  10.9  665s
 495442 263708 3884.07000   67  157 3920.39000 3806.19163  2.91%  10.9  670s
 499863 265318     cutoff   89      3920.39000 3806.19163  2.91%  10.9  675s
 502994 267436 3850.41163   59  154 3920.39000 3806.19163  2.91%  10.9  681s
 506495 268957     cutoff   88      3920.39000 3806.19163  2.91%  10.9  685s
 510632 270876 3873.68000   82  123 3920.39000 3806.19163  2.91%  10.9  691s
 514105 272663 3906.90163   69  183 3920.39000 3806.19163  2.91%  10.9  695s
 518530 274804 3882.80163   60  118 3920.39000 3806.19163  2.91%  10.9  701s
 521946 276529 3910.36104  124  229 3920.39000 3806.19163  2.91%  10.9  705s
 526317 278622 3833.13000   87  178 3920.39000 3806.19163  2.91%  10.9  710s
 530759 280632 3890.20000   80  187 3920.39000 3806.19163  2.91%  10.9  716s
 534103 282398 3890.20000   97  183 3920.39000 3806.19163  2.91%  10.9  720s
 538722 284894 3881.90163   58  150 3920.39000 3806.19163  2.91%  10.9  725s
 543258 286998 3918.19000   75  191 3920.39000 3806.19163  2.91%  10.9  731s
 546801 288759     cutoff   81      3920.39000 3806.19163  2.91%  10.8  735s
 551159 290916 3872.90163   60  154 3920.39000 3806.19163  2.91%  10.8  740s
 555613 293477 3883.17000   70  115 3920.39000 3806.19163  2.91%  10.8  745s
 558646 294976 3875.28000   82  176 3920.39000 3806.19163  2.91%  10.8  750s
 562768 296730 3880.38163   59  154 3920.39000 3806.19163  2.91%  10.8  755s
 567024 298817     cutoff   62      3920.39000 3806.19163  2.91%  10.8  761s
 570317 300394     cutoff   91      3920.39000 3806.19163  2.91%  10.8  765s
 574479 302582 3874.33000   77  193 3920.39000 3806.19163  2.91%  10.8  770s
 578689 304745 3918.55000   71  153 3920.39000 3806.19163  2.91%  10.8  775s
 583246 306971 3806.19163   53  156 3920.39000 3806.19163  2.91%  10.8  781s
 586633 308643 3917.91000   72  175 3920.39000 3806.19163  2.91%  10.8  785s
 590920 310797     cutoff   83      3920.39000 3806.19163  2.91%  10.8  790s
 594436 312328 3875.63163   60  159 3920.39000 3806.19163  2.91%  10.8  796s
 597745 314054 3852.28163   63  145 3920.39000 3806.19163  2.91%  10.8  800s
 602016 316130     cutoff   53      3920.39000 3806.19163  2.91%  10.8  806s
 605267 317961 3868.01538   61  143 3920.39000 3806.19163  2.91%  10.8  810s
 609551 320075 3917.39163   69  214 3920.39000 3806.19163  2.91%  10.8  816s
 611631 321235 3806.19163   58  171 3920.39000 3806.19163  2.91%  10.8  820s
 614726 323155     cutoff   62      3920.39000 3806.19163  2.91%  10.8  825s
 618984 324802 3918.03956  111  352 3920.39000 3806.19163  2.91%  10.8  831s
 622147 326488 3902.13411   80  178 3920.39000 3806.19163  2.91%  10.8  835s
 625398 328270 3920.24000   69  197 3920.39000 3806.19163  2.91%  10.8  840s
 629511 330344 3806.19163   52  140 3920.39000 3806.19163  2.91%  10.8  846s
 632762 332315     cutoff   62      3920.39000 3806.19163  2.91%  10.8  850s
 636045 334132 3900.06000   79  189 3920.39000 3806.19163  2.91%  10.8  855s
 640497 335902 3910.83163   64  222 3920.39000 3806.19163  2.91%  10.8  860s
 642704 337413 3918.42956  119  321 3920.39000 3806.19163  2.91%  10.8  866s
 646064 339111 3888.31972  255  180 3920.39000 3806.19163  2.91%  10.8  871s
 649277 340713 3910.35163   68  177 3920.39000 3806.19163  2.91%  10.7  875s
 652425 342261 3806.19163   63  170 3920.39000 3806.19163  2.91%  10.7  880s
 655697 343695 3870.89956   97  185 3920.39000 3806.19163  2.91%  10.7  885s
 659883 345887     cutoff   56      3920.39000 3806.19163  2.91%  10.7  891s
 663356 347624 3806.19163   56  141 3920.39000 3806.19163  2.91%  10.7  895s
 666665 349236 3851.44810   71  190 3920.39000 3806.19163  2.91%  10.7  900s
 670066 351024     cutoff  140      3920.39000 3806.19163  2.91%  10.7  905s
 674331 353157 3814.21000   90  188 3920.39000 3806.19163  2.91%  10.7  911s
 677627 354905 3897.33104  200  233 3920.39000 3806.19163  2.91%  10.7  915s
 680712 356495 3885.89163   64  140 3920.39000 3806.19163  2.91%  10.7  920s
 684937 358874     cutoff   97      3920.39000 3806.19163  2.91%  10.7  926s
 688259 360603 3860.40163   64  159 3920.39000 3806.19163  2.91%  10.7  930s
 691578 362453 3918.42956  102  312 3920.39000 3806.19163  2.91%  10.7  935s
 695804 364439 3806.19163   55  156 3920.39000 3806.19163  2.91%  10.7  941s
 699041 366280 3890.63434  105  340 3920.39000 3806.19163  2.91%  10.7  945s
 702291 368081 3873.29000   74  127 3920.39000 3806.19163  2.91%  10.7  950s
 706871 370427 3892.67956   91  177 3920.39000 3806.19163  2.91%  10.7  956s
 710224 372033 3883.33163   56  145 3920.39000 3806.19163  2.91%  10.7  960s
 713669 373674 3869.41000   82  174 3920.39000 3806.19163  2.91%  10.7  966s
 716501 375440     cutoff  119      3920.39000 3806.19163  2.91%  10.7  970s
 720917 377695     cutoff  110      3920.39000 3806.19163  2.91%  10.7  976s
 724283 379175 3806.19163   44  158 3920.39000 3806.19163  2.91%  10.6  981s
 727654 381076 3914.15972  302  102 3920.39000 3806.19163  2.91%  10.6  985s
 729907 382338 3884.91000  105  178 3920.39000 3806.19163  2.91%  10.6  990s
 733183 384144 3889.21767  101  290 3920.39000 3806.19163  2.91%  10.6  995s
 736564 385744 3872.86956   92  180 3920.39000 3806.19163  2.91%  10.6 1000s
 740696 387974     cutoff  114      3920.39000 3806.19163  2.91%  10.6 1006s
 743907 389665 3876.25163   62  135 3920.39000 3806.19163  2.91%  10.6 1010s
 747139 391238 3920.10315   78  250 3920.39000 3806.19163  2.91%  10.6 1015s
 750180 392786 3806.19163   52  163 3920.39000 3806.19163  2.91%  10.6 1020s
 754197 395127 3885.49163   72  201 3920.39000 3806.19163  2.91%  10.6 1025s
 757357 396447 3806.19163   61  144 3920.39000 3806.19163  2.91%  10.6 1030s
 760367 397885 3842.13163   54  157 3920.39000 3806.19163  2.91%  10.6 1035s
 764458 399725     cutoff   75      3920.39000 3806.19163  2.91%  10.6 1041s
 767607 401439 3806.19163   54  163 3920.39000 3806.19163  2.91%  10.6 1045s
 770849 403025 3892.67583   53  225 3920.39000 3806.19163  2.91%  10.6 1050s
 774036 404744 3883.41163   58  161 3920.39000 3806.19163  2.91%  10.6 1055s
 778509 407056 3884.57000   71  134 3920.39000 3806.19163  2.91%  10.6 1061s
 781774 408763     cutoff   76      3920.39000 3806.19163  2.91%  10.6 1065s
 785179 410678 3899.43956   89  187 3920.39000 3806.19163  2.91%  10.6 1070s
 789675 412883 3916.62163   55  188 3920.39000 3806.19163  2.91%  10.6 1076s
 792994 414485 3898.59163   62  227 3920.39000 3806.19163  2.91%  10.6 1080s
 796004 416222 3916.37436  100  387 3920.39000 3806.19163  2.91%  10.6 1085s
 800437 418222 3909.04290   93  195 3920.39000 3806.19163  2.91%  10.6 1091s
 803458 419765 3825.09163   66  129 3920.39000 3806.19163  2.91%  10.6 1096s
 806743 421500 3833.71163   69  127 3920.39000 3806.19163  2.91%  10.6 1100s
 810885 423744     cutoff   51      3920.39000 3806.19163  2.91%  10.6 1106s
 814133 425341 3810.49000   74  201 3920.39000 3806.19163  2.91%  10.6 1110s
 817395 427034 3844.48163   56  159 3920.39000 3806.19163  2.91%  10.6 1115s
 821522 429090 3914.44956  101  185 3920.39000 3806.19163  2.91%  10.6 1121s
 824403 430468 3908.05384  146  355 3920.39000 3806.19163  2.91%  10.6 1125s
 827701 431903 3916.85289   88  187 3920.39000 3806.19163  2.91%  10.6 1130s
 831775 433989 3806.19163   64  172 3920.39000 3806.19163  2.91%  10.6 1135s
 835021 435478 infeasible   54      3920.39000 3806.19163  2.91%  10.6 1140s
 837202 436296 3905.58697  169  226 3920.39000 3806.19163  2.91%  10.6 1145s
 840794 438503 3883.42782   95  186 3920.39000 3806.19163  2.91%  10.6 1151s
 843983 439910 3907.56956  127  325 3920.39000 3806.19163  2.91%  10.6 1156s
 847297 441567 3910.83163   55  158 3920.39000 3806.19163  2.91%  10.6 1160s
 850476 443155 3894.22000   82  162 3920.39000 3806.19163  2.91%  10.6 1165s
 854687 445179 3871.09325   57  166 3920.39000 3806.19163  2.91%  10.6 1171s
 857769 446592 3916.16311   80  177 3920.39000 3806.19163  2.91%  10.6 1175s
 860888 447966 3853.37956  100  169 3920.39000 3806.19163  2.91%  10.5 1180s
 865087 449780     cutoff   88      3920.39000 3806.19163  2.91%  10.5 1186s
 868258 451372 3907.56956  104  300 3920.39000 3806.19163  2.91%  10.5 1191s
 871593 452491 3816.58163   61  147 3920.39000 3806.19163  2.91%  10.5 1195s
 873725 453939 3806.19163   65  133 3920.39000 3806.19163  2.91%  10.5 1200s
 876831 455413 3892.91972  298   92 3920.39000 3806.19163  2.91%  10.5 1205s
 881136 457671 3857.57000   99  306 3920.39000 3806.19163  2.91%  10.5 1211s
 884182 459194     cutoff  170      3920.39000 3806.19163  2.91%  10.5 1216s
 887572 460653 3898.22163   67  183 3920.39000 3806.19163  2.91%  10.5 1221s
 890608 462237 3880.38163   59  164 3920.39000 3806.19163  2.91%  10.5 1226s
 893877 463627 3891.18163   69  212 3920.39000 3806.19163  2.91%  10.5 1230s
 897162 465289 3913.99163   76  183 3920.39000 3806.19163  2.91%  10.5 1235s
 900391 466707     cutoff   77      3920.39000 3806.19163  2.91%  10.5 1240s
 903595 467980     cutoff   58      3920.39000 3806.19163  2.91%  10.5 1245s
 906752 469374 3912.40849   78  176 3920.39000 3806.19163  2.91%  10.5 1250s
 909537 470944 3908.86683   66  181 3920.39000 3806.19163  2.91%  10.5 1255s
 913805 472941 3888.91163   51  161 3920.39000 3806.19163  2.91%  10.5 1261s
 916888 474392 3882.44000   77  172 3920.39000 3806.19163  2.91%  10.5 1265s
 920054 475707 3915.82000   75  189 3920.39000 3806.19163  2.91%  10.5 1270s
 923128 476890 3872.65163   64  143 3920.39000 3806.19163  2.91%  10.5 1275s
 926429 478365 3868.18163   63  139 3920.39000 3806.19163  2.91%  10.5 1280s
 929535 479852 3881.02163   71  133 3920.39000 3806.19163  2.91%  10.5 1285s
 932677 481127 3806.19163   58  152 3920.39000 3806.19163  2.91%  10.5 1290s
 935681 482479 3901.56163   63  228 3920.39000 3806.19163  2.91%  10.5 1295s
 939988 484538 3907.56956   99  192 3920.39000 3806.19163  2.91%  10.5 1301s
 942999 485692 3899.78163   67  206 3920.39000 3806.19163  2.91%  10.5 1306s
 945918 487177 3888.91163   65  211 3920.39000 3806.19163  2.91%  10.5 1311s
 948996 488903 3847.58099   80  172 3920.39000 3806.19163  2.91%  10.5 1316s
 952400 490510 3901.46000   88  172 3920.39000 3806.19163  2.91%  10.5 1320s
 955580 492102 3896.73000   97  212 3920.39000 3806.19163  2.91%  10.5 1325s
 959061 493783 3897.33163   64  224 3920.39000 3806.19163  2.91%  10.5 1330s
 962226 494881 3902.77071  119  178 3920.39000 3806.19163  2.91%  10.5 1335s
 963552 496063 3911.87434  121  192 3920.39000 3806.19163  2.91%  10.5 1340s
 966908 497839 3822.74163   64  122 3920.39000 3806.19163  2.91%  10.5 1345s
 970190 499858     cutoff   66      3920.39000 3806.19163  2.91%  10.5 1350s
 973483 501458 3880.39577   62  135 3920.39000 3806.19163  2.91%  10.5 1355s
 976604 502887     cutoff  270      3920.39000 3806.19163  2.91%  10.5 1360s
 979860 504386     cutoff   69      3920.39000 3806.19163  2.91%  10.5 1365s
 982945 505838     cutoff   85      3920.39000 3806.19163  2.91%  10.4 1371s
 985824 507376 3847.58099   71  189 3920.39000 3806.19163  2.91%  10.4 1376s
 989028 508886     cutoff  104      3920.39000 3806.19163  2.91%  10.4 1381s
 991154 509985 3873.68000   81  190 3920.39000 3806.19163  2.91%  10.4 1385s
 994183 511381 3806.19163   57  137 3920.39000 3806.19163  2.91%  10.4 1390s
 997464 513165 3912.63972   94  207 3920.39000 3806.19163  2.91%  10.4 1395s
 1000583 514542     cutoff   55      3920.39000 3806.19163  2.91%  10.4 1400s
 1003718 515548 3918.42956  104  203 3920.39000 3806.19163  2.91%  10.4 1405s
 1006078 517127 3867.56296   87  174 3920.39000 3806.19163  2.91%  10.4 1411s
 1009153 518629 3867.56296   84  176 3920.39000 3806.19163  2.91%  10.4 1416s
 1011417 519721 3865.98544   67  158 3920.39000 3806.19163  2.91%  10.4 1420s
 1014529 521213     cutoff   56      3920.39000 3806.19163  2.91%  10.4 1425s
 1017869 523103     cutoff   73      3920.39000 3806.19163  2.91%  10.4 1430s
 1021351 524769 3881.73040   89  171 3920.39000 3806.19163  2.91%  10.4 1436s
 1023495 525871     cutoff   56      3920.39000 3806.19163  2.91%  10.4 1440s
 1027005 527381     cutoff   94      3920.39000 3806.19163  2.91%  10.4 1445s
 1029960 528837 3914.13436   93  231 3920.39000 3806.19163  2.91%  10.4 1450s
 1033382 530586     cutoff   85      3920.39000 3806.19163  2.91%  10.4 1455s
 1036763 532286 3913.09163   71  197 3920.39000 3806.19163  2.91%  10.4 1460s
 1040019 533911 3849.25758   60  141 3920.39000 3806.19163  2.91%  10.4 1465s
 1042471 535257     cutoff   88      3920.39000 3806.19163  2.91%  10.4 1470s
 1045779 536981 3902.65163   64  207 3920.39000 3806.19163  2.91%  10.4 1475s
 1049008 538365 3868.40000   76  201 3920.39000 3806.19163  2.91%  10.4 1481s
 1052136 539815 3890.20000   94  161 3920.39000 3806.19163  2.91%  10.4 1486s
 1055491 541547 3878.01163   68  167 3920.39000 3806.19163  2.91%  10.4 1491s
 1058747 543216 3854.23256   73  185 3920.39000 3806.19163  2.91%  10.4 1496s
 1059948 543670 3912.75096   93  175 3920.39000 3806.19163  2.91%  10.4 1500s
 1062610 545254     cutoff   63      3920.39000 3806.19163  2.91%  10.4 1505s
 1065901 546759 3852.84419   68  139 3920.39000 3806.19163  2.91%  10.4 1511s
 1069212 548281 3906.32527   91  170 3920.39000 3806.19163  2.91%  10.4 1516s
 1071329 549239 3806.19163   43  175 3920.39000 3806.19163  2.91%  10.4 1520s
 1074373 550579     cutoff  106      3920.39000 3806.19163  2.91%  10.4 1525s
 1077545 552068 3874.90099   70  190 3920.39000 3806.19163  2.91%  10.4 1530s
 1080656 553523 3878.96099   70  194 3920.39000 3806.19163  2.91%  10.4 1536s
 1083857 555021 3900.35956   86  182 3920.39000 3806.19163  2.91%  10.4 1541s
 1085891 556026 3881.51443   88  171 3920.39000 3806.19163  2.91%  10.4 1545s
 1089001 557566 3918.84164   78  197 3920.39000 3806.19163  2.91%  10.4 1550s
 1092018 558956 3878.01163   65  158 3920.39000 3806.19163  2.91%  10.4 1555s
 1095117 560262 3857.76163   49  148 3920.39000 3806.19163  2.91%  10.4 1561s
 1098050 561534     cutoff   58      3920.39000 3806.19163  2.91%  10.4 1566s
 1101112 563066 3911.64104   88  219 3920.39000 3806.19163  2.91%  10.4 1571s
 1103167 563971 3848.06163   64   99 3920.39000 3806.19163  2.91%  10.4 1575s
 1106273 565469 3871.88163   61  184 3920.39000 3806.19163  2.91%  10.4 1580s
 1109559 566960     cutoff   54      3920.39000 3806.19163  2.91%  10.4 1585s
 1112458 568393 3910.95000   78  179 3920.39000 3806.19163  2.91%  10.4 1590s
 1115661 569738 3806.19163   56  165 3920.39000 3806.19163  2.91%  10.4 1595s
 1118539 571062 3846.18099   73  197 3920.39000 3806.19163  2.91%  10.4 1600s
 1121524 572475 3889.32163   65  151 3920.39000 3806.19163  2.91%  10.4 1605s
 1124722 573920 3806.19163   56  146 3920.39000 3806.19163  2.91%  10.4 1610s
 1127728 575354 3895.88133   66  163 3920.39000 3806.19163  2.91%  10.3 1616s
 1130772 576875 3914.42000   77  209 3920.39000 3806.19163  2.91%  10.3 1621s
 1133901 578420 3831.03163   60  145 3920.39000 3806.19163  2.91%  10.3 1626s
 1136959 579763     cutoff  148      3920.39000 3806.19163  2.91%  10.3 1631s
 1139895 581260 3913.62436   94  208 3920.39000 3806.19163  2.91%  10.3 1636s
 1141996 582230 3879.08163   62  123 3920.39000 3806.19163  2.91%  10.3 1640s
 1146115 584303     cutoff   65      3920.39000 3806.19163  2.91%  10.3 1646s
 1148951 585633     cutoff   74      3920.39000 3806.19163  2.91%  10.3 1651s
 1151964 587119 3873.12506   62  158 3920.39000 3806.19163  2.91%  10.3 1656s
 1155003 588656 3910.75436  103  179 3920.39000 3806.19163  2.91%  10.3 1661s
 1158085 589995 3815.61000   90  174 3920.39000 3806.19163  2.91%  10.3 1666s
 1160916 591260 3870.81000   76  179 3920.39000 3806.19163  2.91%  10.3 1671s
 1164121 592656 3907.88906   83  159 3920.39000 3806.19163  2.91%  10.3 1676s
 1167137 594120 3806.19163   59  162 3920.39000 3806.19163  2.91%  10.3 1681s
 1169255 594973 3876.59000   79  188 3920.39000 3806.19163  2.91%  10.3 1685s
 1172381 596250 3890.26163   69  218 3920.39000 3806.19163  2.91%  10.3 1690s
 1174895 597018 3915.44143   68  147 3920.39000 3806.19163  2.91%  10.3 1695s
 1176874 598175 3892.99163   61  225 3920.39000 3806.19163  2.91%  10.3 1701s
 1179898 599540 3899.45484   85  167 3920.39000 3806.19163  2.91%  10.3 1706s
 1182972 600886 3868.24163   59  158 3920.39000 3806.19163  2.91%  10.3 1711s
 1185980 602124 3885.80000   84  146 3920.39000 3806.19163  2.91%  10.3 1716s
 1188762 603379 3874.55163   58  151 3920.39000 3806.19163  2.91%  10.3 1721s
 1191745 604787 3885.80000   74  178 3920.39000 3806.19163  2.91%  10.3 1726s
 1193695 605794 3888.81956   94  206 3920.39000 3806.19163  2.91%  10.3 1730s
 1196920 607232     cutoff   91      3920.39000 3806.19163  2.91%  10.3 1735s
 1200048 608760 infeasible  115      3920.39000 3806.19163  2.91%  10.3 1741s
 1203209 610400 3904.18000   85  184 3920.39000 3806.19163  2.91%  10.3 1746s
 1205334 611378 3881.51000   88  191 3920.39000 3806.19163  2.91%  10.3 1750s
 1208369 612319 3886.39660   88  196 3920.39000 3806.19163  2.91%  10.3 1755s
 1211123 614123 3898.44956  132  171 3920.39000 3806.19163  2.91%  10.3 1761s
 1213256 615156 3918.91436  114  184 3920.39000 3806.19163  2.91%  10.3 1765s
 1216179 616651 3857.93000   74  163 3920.39000 3806.19163  2.91%  10.3 1770s
 1219367 618112 3870.91000   68  171 3920.39000 3806.19163  2.91%  10.3 1775s
 1222333 619544 3851.44810   75  199 3920.39000 3806.19163  2.91%  10.3 1780s
 1225421 620969 3867.12163   71  123 3920.39000 3806.19163  2.91%  10.3 1786s
 1228544 622379 3906.17163   50  206 3920.39000 3806.19163  2.91%  10.3 1791s
 1231705 623795 3912.78671  114  195 3920.39000 3806.19163  2.91%  10.3 1796s
 1233758 624754     cutoff   63      3920.39000 3806.19163  2.91%  10.3 1800s
 1237169 626412 3883.26163   57  132 3920.39000 3806.19163  2.91%  10.3 1805s
 1240563 627964 infeasible   88      3920.39000 3806.19163  2.91%  10.3 1810s
 1242883 629062 3875.09163   62  137 3920.39000 3806.19163  2.91%  10.3 1815s
 1245956 630785 3858.52163   63  109 3920.39000 3806.19163  2.91%  10.3 1821s
 1249017 632153 3920.21000   80  158 3920.39000 3806.19163  2.91%  10.3 1826s
 1251064 633116 3898.46280  105  176 3920.39000 3806.19163  2.91%  10.3 1830s
 1254098 634472     cutoff   54      3920.39000 3806.19163  2.91%  10.3 1835s
 1257081 635800 3909.63163   71  173 3920.39000 3806.19163  2.91%  10.3 1840s
 1260176 637384 3806.19163   65  185 3920.39000 3806.19163  2.91%  10.3 1845s
 1263590 639013 3888.74163   69  202 3920.39000 3806.19163  2.91%  10.3 1851s
 1266834 640585 3883.33163   52  131 3920.39000 3806.19163  2.91%  10.3 1856s
 1269861 642052 3873.56000   95  172 3920.39000 3806.19163  2.91%  10.3 1861s
 1271995 642948 3880.66000   93  194 3920.39000 3806.19163  2.91%  10.3 1865s
 1274989 644574 3806.19163   64  143 3920.39000 3806.19163  2.91%  10.3 1870s
 1277995 645807     cutoff   57      3920.39000 3806.19163  2.91%  10.3 1875s
 1280879 647149 3850.19608   90  168 3920.39000 3806.19163  2.91%  10.3 1880s
 1283898 648428     cutoff  142      3920.39000 3806.19163  2.91%  10.3 1885s
 1286976 649722 3902.32991  100  225 3920.39000 3806.19163  2.91%  10.3 1890s
 1289985 651018 3909.37000   73  165 3920.39000 3806.19163  2.91%  10.3 1896s
 1291941 652008 3908.57956   91  165 3920.39000 3806.19163  2.91%  10.3 1900s
 1294941 653326 3919.21164   82  176 3920.39000 3806.19163  2.91%  10.3 1906s
 1297179 654358 3881.80956  148  228 3920.39000 3806.19163  2.91%  10.3 1910s
 1300250 655585 3884.53163   65  147 3920.39000 3806.19163  2.91%  10.3 1916s
 1302205 656474 3910.83163   64  202 3920.39000 3806.19163  2.91%  10.3 1920s
 1305450 658153 3823.17163   47  150 3920.39000 3806.19163  2.91%  10.3 1925s
 1308517 659430     cutoff   63      3920.39000 3806.19163  2.91%  10.3 1930s
 1310587 659959     cutoff   69      3920.39000 3806.19163  2.91%  10.3 1935s
 1312515 661108 3859.51140   94  175 3920.39000 3806.19163  2.91%  10.3 1940s
 1315477 662438 3879.83263   64  142 3920.39000 3806.19163  2.91%  10.3 1945s
 1318568 663784 3887.48099   79  181 3920.39000 3806.19163  2.91%  10.3 1951s
 1320678 664667 3885.80000   77  161 3920.39000 3806.19163  2.91%  10.3 1955s
 1323783 665983     cutoff   67      3920.39000 3806.19163  2.91%  10.3 1960s
 1326916 667350 3849.56325   49  128 3920.39000 3806.19163  2.91%  10.3 1966s
 1328831 668162 3882.52163   59  202 3920.39000 3806.19163  2.91%  10.3 1970s
 1331993 669737 3841.81163   42  144 3920.39000 3806.19163  2.91%  10.3 1975s
 1335165 671194     cutoff  100      3920.39000 3806.19163  2.91%  10.3 1980s
 1338239 672450 3837.37275   66  111 3920.39000 3806.19163  2.91%  10.3 1986s
 1341337 673999 3911.79768  118  193 3920.39000 3806.19163  2.91%  10.3 1991s
 1344260 675147 infeasible   81      3920.39000 3806.19163  2.91%  10.3 1996s
 1346290 676173 3898.46280  100  161 3920.39000 3806.19163  2.91%  10.3 2000s
 1349187 677502 3894.44163   66  141 3920.39000 3806.19163  2.91%  10.3 2005s
 1352299 678858 3806.19163   38  149 3920.39000 3806.19163  2.91%  10.3 2010s
 1355260 680246 3851.05000   76  183 3920.39000 3806.19163  2.91%  10.3 2016s
 1358324 681687 3876.97000   69  196 3920.39000 3806.19163  2.91%  10.3 2021s
 1360378 682466 3865.10972   92  179 3920.39000 3806.19163  2.91%  10.3 2025s
 1363535 683968 3822.42163   61  126 3920.39000 3806.19163  2.91%  10.3 2030s
 1366644 685638 3806.19163   55  168 3920.39000 3806.19163  2.91%  10.3 2035s
 1369311 686827 3885.10163   60  221 3920.39000 3806.19163  2.91%  10.3 2041s
 1372417 688064 3904.35000   77  158 3920.39000 3806.19163  2.91%  10.3 2046s
 1374453 688993 3919.45000   86  182 3920.39000 3806.19163  2.91%  10.3 2050s
 1377690 690388 3860.20729   59  151 3920.39000 3806.19163  2.91%  10.3 2055s
 1380530 691700     cutoff   59      3920.39000 3806.19163  2.91%  10.3 2061s
 1383567 693334 3918.98000   90  159 3920.39000 3806.19163  2.91%  10.3 2066s
 1385647 694288 3864.31163   54  135 3920.39000 3806.19163  2.91%  10.3 2070s
 1388674 695604 3918.91040   85  170 3920.39000 3806.19163  2.91%  10.3 2075s
 1391628 697202 3846.18099   82  162 3920.39000 3806.19163  2.91%  10.3 2080s
 1394817 698757 3906.47697   88  213 3920.39000 3806.19163  2.91%  10.3 2085s
 1397912 700278 3806.19163   56  125 3920.39000 3806.19163  2.91%  10.3 2090s
 1399464 701112 3914.74972  105  193 3920.39000 3806.19163  2.91%  10.3 2096s
 1402489 702606 3851.44810   67  110 3920.39000 3806.19163  2.91%  10.3 2101s
 1404541 703731 3918.23000   67  130 3920.39000 3806.19163  2.91%  10.3 2105s
 1407738 705140     cutoff   54      3920.39000 3806.19163  2.91%  10.3 2111s
 1410872 706602 infeasible   79      3920.39000 3806.19163  2.91%  10.3 2116s
 1412909 707520 3869.69000   64  117 3920.39000 3806.19163  2.91%  10.3 2120s
 1416167 709257 3914.13436   96  192 3920.39000 3806.19163  2.91%  10.3 2125s
 1419380 710956     cutoff  104      3920.39000 3806.19163  2.91%  10.3 2130s
 1422515 712601 3898.59163   57  223 3920.39000 3806.19163  2.91%  10.3 2135s
 1424227 713274 3856.52163   67  144 3920.39000 3806.19163  2.91%  10.3 2140s
 1426700 714723     cutoff   65      3920.39000 3806.19163  2.91%  10.3 2145s
 1429594 716028 3907.25697   95  216 3920.39000 3806.19163  2.91%  10.3 2151s
 1432698 717597 3913.85000  110  182 3920.39000 3806.19163  2.91%  10.3 2156s
 1434854 718713 3845.88163   54  132 3920.39000 3806.19163  2.91%  10.3 2160s
 1438046 720202 3918.74104  105  151 3920.39000 3806.19163  2.91%  10.3 2166s
 1441338 721500 3918.42956   94  174 3920.39000 3806.19163  2.91%  10.3 2171s
 1443425 722551 3806.19163   61  151 3920.39000 3806.19163  2.91%  10.3 2175s
 1446633 724074 3889.21767  100  174 3920.39000 3806.19163  2.91%  10.3 2180s
 1449432 725635 3906.98000   82  178 3920.39000 3806.19163  2.91%  10.3 2186s
 1452946 727320     cutoff   94      3920.39000 3806.19163  2.91%  10.3 2191s
 1455030 728364 3868.40000   68  129 3920.39000 3806.19163  2.91%  10.3 2195s
 1458218 729824 3900.33424   84  162 3920.39000 3806.19163  2.91%  10.3 2201s
 1461386 731521 infeasible   52      3920.39000 3806.19163  2.91%  10.3 2206s
 1464373 733056 3906.87180  104  176 3920.39000 3806.19163  2.91%  10.3 2211s
 1466345 734053     cutoff  105      3920.39000 3806.19163  2.91%  10.3 2215s
 1469383 735649 3849.60508   83  197 3920.39000 3806.19163  2.91%  10.3 2220s
 1472578 737231 3806.19163   56  137 3920.39000 3806.19163  2.91%  10.3 2225s
 1475677 738637 3840.61163   60  148 3920.39000 3806.19163  2.91%  10.3 2231s
 1477753 739741 3895.72956   88  203 3920.39000 3806.19163  2.91%  10.3 2235s
 1481059 741343 3884.53163   59  233 3920.39000 3806.19163  2.91%  10.3 2240s
 1484266 742824     cutoff   64      3920.39000 3806.19163  2.91%  10.3 2246s
 1487506 744439     cutoff   69      3920.39000 3806.19163  2.91%  10.3 2251s
 1489560 745437 3833.13000   83  220 3920.39000 3806.19163  2.91%  10.3 2255s
 1492821 746909 3906.72956   96  164 3920.39000 3806.19163  2.91%  10.3 2260s
 1495769 748105 3913.67290   86  176 3920.39000 3806.19163  2.91%  10.3 2266s
 1498898 749863 3918.90436   98  210 3920.39000 3806.19163  2.91%  10.3 2271s
 1500919 750716 3920.23660   71  185 3920.39000 3806.19163  2.91%  10.3 2275s
 1504412 752390 3912.26163   65  195 3920.39000 3806.19163  2.91%  10.3 2280s
 1507440 753761 3916.41436   99  181 3920.39000 3806.19163  2.91%  10.3 2286s
 1510772 755252 3849.65956   87  180 3920.39000 3806.19163  2.91%  10.3 2291s
 1512821 756257     cutoff   66      3920.39000 3806.19163  2.91%  10.3 2295s
 1515998 757220 3887.33163   62  136 3920.39000 3806.19163  2.91%  10.3 2300s
 1517953 758509 infeasible   81      3920.39000 3806.19163  2.91%  10.3 2306s
 1520965 760032     cutoff   58      3920.39000 3806.19163  2.91%  10.3 2311s
 1523041 761077     cutoff   52      3920.39000 3806.19163  2.91%  10.3 2315s
 1525178 761722 3880.38163   60  135 3920.39000 3806.19163  2.91%  10.3 2320s
 1527294 763044 3895.58163   64  182 3920.39000 3806.19163  2.91%  10.3 2325s
 1530273 764394     cutoff   58      3920.39000 3806.19163  2.91%  10.3 2331s
 1532364 765474 3806.19163   57  184 3920.39000 3806.19163  2.91%  10.3 2335s
 1535548 766803     cutoff   71      3920.39000 3806.19163  2.91%  10.3 2341s
 1537628 767715 infeasible  101      3920.39000 3806.19163  2.91%  10.3 2345s
 1540692 769153 3888.67000   73  248 3920.39000 3806.19163  2.91%  10.3 2350s
 1543824 770544 3815.61000   84  215 3920.39000 3806.19163  2.91%  10.3 2356s
 1545849 771509     cutoff   70      3920.39000 3806.19163  2.91%  10.3 2360s
 1549094 772946 3887.27000   83  201 3920.39000 3806.19163  2.91%  10.3 2366s
 1551194 774117 3878.87000   85  166 3920.39000 3806.19163  2.91%  10.3 2370s
 1554225 775382 3876.38163   64  147 3920.39000 3806.19163  2.91%  10.3 2376s
 1557220 776619 3864.26163   63  136 3920.39000 3806.19163  2.91%  10.3 2381s
 1559320 777561     cutoff   71      3920.39000 3806.19163  2.91%  10.3 2385s
 1562442 779054 3912.56163   70  180 3920.39000 3806.19163  2.91%  10.3 2391s
 1564434 780107     cutoff   87      3920.39000 3806.19163  2.91%  10.3 2395s
 1567661 781539     cutoff   61      3920.39000 3806.19163  2.91%  10.3 2401s
 1570907 783040 3806.19163   65  140 3920.39000 3806.19163  2.91%  10.3 2406s
 1572893 784075 3809.92163   53  170 3920.39000 3806.19163  2.91%  10.3 2410s
 1575978 785541 3868.47163   61  164 3920.39000 3806.19163  2.91%  10.3 2416s
 1578165 786462     cutoff   82      3920.39000 3806.19163  2.91%  10.3 2420s
 1581378 787886 3918.87632   88  224 3920.39000 3806.19163  2.91%  10.3 2425s
 1584528 789312 3893.95000   73  198 3920.39000 3806.19163  2.91%  10.3 2431s
 1586639 790087     cutoff   88      3920.39000 3806.19163  2.91%  10.3 2435s
 1589744 791738 3893.95000   80  179 3920.39000 3806.19163  2.91%  10.3 2440s
 1593009 793002 3902.86000   71  194 3920.39000 3806.19163  2.91%  10.3 2446s
 1595131 794058 infeasible   92      3920.39000 3806.19163  2.91%  10.3 2450s
 1598240 795666 3878.87000   79  236 3920.39000 3806.19163  2.91%  10.3 2456s
 1601420 797056 3878.87000   78  223 3920.39000 3806.19163  2.91%  10.3 2461s
 1603526 798148 3887.27000   87  174 3920.39000 3806.19163  2.91%  10.3 2465s
 1606814 799145 3891.18475   91  182 3920.39000 3806.19163  2.91%  10.3 2471s
 1608778 799880 3889.32163   70  132 3920.39000 3806.19163  2.91%  10.3 2475s
 1611835 801174 3881.39163   71  123 3920.39000 3806.19163  2.91%  10.3 2481s
 1613926 802034 3908.16000   86  176 3920.39000 3806.19163  2.91%  10.3 2485s
 1616890 803356     cutoff  110      3920.39000 3806.19163  2.91%  10.3 2490s
 1619751 804423 3912.76163   67  187 3920.39000 3806.19163  2.91%  10.3 2496s
 1621762 805158 3910.12012   58  120 3920.39000 3806.19163  2.91%  10.3 2500s
 1624804 806525 3912.90849   59  177 3920.39000 3806.19163  2.91%  10.3 2506s
 1626770 807326 3806.19163   52  158 3920.39000 3806.19163  2.91%  10.3 2510s
 1628564 808192 3912.11644   61  202 3920.39000 3806.19163  2.91%  10.3 2516s
 1630562 809036 3898.98163   61  132 3920.39000 3806.19163  2.91%  10.3 2520s
 1633517 810310 3918.46918   72  178 3920.39000 3806.19163  2.91%  10.3 2525s
 1636488 811611 3914.21436   93  217 3920.39000 3806.19163  2.91%  10.3 2531s
 1638475 812500 3806.19163   54  147 3920.39000 3806.19163  2.91%  10.3 2535s
 1641477 813813 3920.14163   52  163 3920.39000 3806.19163  2.91%  10.3 2541s
 1643583 814789 3884.52000   70  185 3920.39000 3806.19163  2.91%  10.3 2545s
 1646590 816066 3912.11644   61  202 3920.39000 3806.19163  2.91%  10.3 2551s
 1648619 817009 3919.45000   91  187 3920.39000 3806.19163  2.91%  10.3 2555s
 1651727 818221 3806.19163   47  165 3920.39000 3806.19163  2.91%  10.3 2561s
 1653699 818932 3806.19163   66  161 3920.39000 3806.19163  2.91%  10.3 2565s
 1656820 819945     cutoff   59      3920.39000 3806.19163  2.91%  10.3 2571s
 1658820 820893 3919.77632   97  199 3920.39000 3806.19163  2.91%  10.3 2575s
 1661855 822104 3898.59163   60  224 3920.39000 3806.19163  2.91%  10.3 2581s
 1663772 822808 3901.82263   67  144 3920.39000 3806.19163  2.91%  10.3 2585s
 1666813 824001 3806.19163   50  166 3920.39000 3806.19163  2.91%  10.3 2590s
 1669934 825287 3872.71851  112  263 3920.39000 3806.19163  2.91%  10.3 2596s
 1671825 826023 3910.64956  105  228 3920.39000 3806.19163  2.91%  10.3 2600s
 1674887 827284 3841.95163   65  161 3920.39000 3806.19163  2.91%  10.3 2606s
 1676945 828038     cutoff   86      3920.39000 3806.19163  2.91%  10.3 2610s
 1679927 829024 3807.09163   65  135 3920.39000 3806.19163  2.91%  10.3 2615s
 1682807 830174 3874.24163   66  143 3920.39000 3806.19163  2.91%  10.3 2621s
 1684761 830872 3829.34163   53  174 3920.39000 3806.19163  2.91%  10.3 2625s
 1687766 831916 3892.57492   90  159 3920.39000 3806.19163  2.91%  10.3 2631s
 1690682 832666 3853.39572   66  157 3920.39000 3806.19163  2.91%  10.3 2636s
 1692490 833299     cutoff  108      3920.39000 3806.19163  2.91%  10.3 2640s
 1695259 834158 3841.95163   65  156 3920.39000 3806.19163  2.91%  10.3 2646s
 1697267 834799 3817.45643   55  148 3920.39000 3806.19163  2.91%  10.3 2650s
 1700223 835805     cutoff   85      3920.39000 3806.19163  2.91%  10.3 2656s
 1702160 836385 3916.24508   83  195 3920.39000 3806.19163  2.91%  10.3 2660s
 1705086 837234 3870.44163   72  146 3920.39000 3806.19163  2.91%  10.3 2666s
 1707137 837812 3809.10077   62  184 3920.39000 3806.19163  2.91%  10.3 2670s
 1709129 838265 3876.58163   68  151 3920.39000 3806.19163  2.91%  10.3 2675s
 1710732 839109     cutoff   61      3920.39000 3806.19163  2.91%  10.3 2681s
 1712676 839774 3904.05163   63  206 3920.39000 3806.19163  2.91%  10.3 2685s
 1714634 840434 3807.09163   64  152 3920.39000 3806.19163  2.91%  10.3 2690s
 1717634 841455 3895.61163   65  202 3920.39000 3806.19163  2.91%  10.3 2696s
 1719589 841898 3806.19163   64  157 3920.39000 3806.19163  2.91%  10.3 2700s
 1722558 842863 3843.92163   59  143 3920.39000 3806.19163  2.91%  10.3 2706s
 1724486 843452 3806.19163   66  166 3920.39000 3806.19163  2.91%  10.3 2711s
 1726373 843988     cutoff   61      3920.39000 3806.19163  2.91%  10.3 2715s
 1729418 844847 3904.78974   72  208 3920.39000 3806.19163  2.91%  10.3 2721s
 1731414 845456 3914.37163   64  153 3920.39000 3806.19163  2.91%  10.3 2726s
 1733388 846041 3806.19163   56  149 3920.39000 3806.19163  2.91%  10.3 2730s
 1736284 846819 3833.13000   77  199 3920.39000 3806.19163  2.91%  10.3 2736s
 1736440 847159 3833.13000   80  199 3920.39000 3806.19163  2.91%  10.3 2740s
 1739217 848192 3913.63000   75  176 3920.39000 3806.19163  2.91%  10.3 2746s
 1741147 848846     cutoff   66      3920.39000 3806.19163  2.91%  10.3 2750s
 1743206 849515     cutoff   62      3920.39000 3806.19163  2.91%  10.3 2755s
 1746096 850668 3915.82000   75  210 3920.39000 3806.19163  2.91%  10.3 2761s
 1748024 851263 3914.42000   68  190 3920.39000 3806.19163  2.91%  10.3 2765s
 1750970 852307     cutoff   62      3920.39000 3806.19163  2.91%  10.3 2771s
 1752871 853046     cutoff   92      3920.39000 3806.19163  2.91%  10.3 2775s
 1755865 854058 3841.95163   62  156 3920.39000 3806.19163  2.91%  10.3 2781s
 1757831 854779 3908.36683   82  200 3920.39000 3806.19163  2.91%  10.3 2785s
 1759736 855490     cutoff   86      3920.39000 3806.19163  2.91%  10.3 2790s
 1762702 856406 3859.43163   69  175 3920.39000 3806.19163  2.91%  10.3 2796s
 1764669 857129     cutoff   65      3920.39000 3806.19163  2.91%  10.3 2800s
 1766734 857805     cutoff   76      3920.39000 3806.19163  2.91%  10.3 2805s
 1769744 858972     cutoff   59      3920.39000 3806.19163  2.91%  10.3 2811s
 1771691 859626 3907.02163   66  140 3920.39000 3806.19163  2.91%  10.3 2815s
 1774640 860591 3908.47810   73  194 3920.39000 3806.19163  2.91%  10.3 2821s
 1776675 861311 3806.19163   68  161 3920.39000 3806.19163  2.91%  10.3 2826s
 1778755 861914 3889.69484  100  197 3920.39000 3806.19163  2.91%  10.3 2830s
 1781807 862849     cutoff   88      3920.39000 3806.19163  2.91%  10.3 2836s
 1783839 863607     cutoff   72      3920.39000 3806.19163  2.91%  10.3 2841s
 1785948 864269     cutoff   53      3920.39000 3806.19163  2.91%  10.3 2845s
 1789065 865269 3806.19163   52  160 3920.39000 3806.19163  2.91%  10.3 2851s
 1791027 866019 3906.39163   71  164 3920.39000 3806.19163  2.91%  10.3 2855s
 1793048 866709     cutoff   60      3920.39000 3806.19163  2.91%  10.3 2860s
 1796274 867931 3898.16956   97  201 3920.39000 3806.19163  2.91%  10.3 2866s
 1798302 868690 3907.81084   80  208 3920.39000 3806.19163  2.91%  10.3 2870s
 1800402 869332 3859.43163   70  164 3920.39000 3806.19163  2.91%  10.3 2875s
 1803426 870366 3892.55000   82  210 3920.39000 3806.19163  2.91%  10.3 2881s
 1805384 871234 3888.30000   78  249 3920.39000 3806.19163  2.91%  10.3 2885s
 1808409 872674 3858.36000   87  206 3920.39000 3806.19163  2.91%  10.3 2891s
 1810609 873479 3806.19163   61  165 3920.39000 3806.19163  2.91%  10.3 2895s
 1812637 874277     cutoff   70      3920.39000 3806.19163  2.91%  10.3 2900s
 1815695 875797 3886.17325   53  164 3920.39000 3806.19163  2.91%  10.3 2906s
 1817958 876742     cutoff   93      3920.39000 3806.19163  2.91%  10.3 2910s
 1821059 878023     cutoff   67      3920.39000 3806.19163  2.91%  10.3 2916s
 1823277 879091     cutoff   67      3920.39000 3806.19163  2.91%  10.3 2920s
 1826439 880529 3871.89000   73  194 3920.39000 3806.19163  2.91%  10.3 2926s
 1828369 881355     cutoff   65      3920.39000 3806.19163  2.91%  10.3 2930s
 1831355 883059     cutoff  104      3920.39000 3806.19163  2.91%  10.3 2935s
 1834636 884364 3811.89000   71  145 3920.39000 3806.19163  2.91%  10.3 2942s
 1836809 885306 3847.58099   81  205 3920.39000 3806.19163  2.91%  10.3 2946s
 1838972 886295     cutoff   55      3920.39000 3806.19163  2.91%  10.3 2950s
 1842249 887943 3914.13436  100  216 3920.39000 3806.19163  2.91%  10.3 2956s
 1844390 889051 3874.45000   98  222 3920.39000 3806.19163  2.91%  10.3 2960s
 1847617 890810 3836.50000   87  165 3920.39000 3806.19163  2.91%  10.3 2966s
 1849815 892002 3900.92263   64  149 3920.39000 3806.19163  2.91%  10.3 2970s
 1853238 893574 infeasible   87      3920.39000 3806.19163  2.91%  10.3 2976s
 1855333 894625 3854.23256   80  182 3920.39000 3806.19163  2.91%  10.3 2980s
 1857424 895776 3898.90972   92  235 3920.39000 3806.19163  2.91%  10.3 2985s
 1860851 897528 3917.76164   81  237 3920.39000 3806.19163  2.91%  10.3 2991s
 1863117 898669 3859.76000   70  143 3920.39000 3806.19163  2.91%  10.3 2995s
 1865941 900141 3850.04810   72  199 3920.39000 3806.19163  2.91%  10.3 3001s
 1868192 901165 3889.21767  101  195 3920.39000 3806.19163  2.91%  10.3 3005s
 1871527 902894 3859.76000   77  203 3920.39000 3806.19163  2.91%  10.3 3012s
 1873668 904177 3890.22000  109  187 3920.39000 3806.19163  2.91%  10.3 3015s
 1875857 905203     cutoff   73      3920.39000 3806.19163  2.91%  10.3 3020s
 1877989 905797 3893.26099   90  219 3920.39000 3806.19163  2.91%  10.3 3025s
 1879895 907359 3910.46956  113  220 3920.39000 3806.19163  2.91%  10.3 3031s
 1882091 908390 infeasible   71      3920.39000 3806.19163  2.91%  10.3 3035s
 1885345 910183 3891.73972  109  215 3920.39000 3806.19163  2.91%  10.3 3041s
 1887502 911206 3904.69956  103  206 3920.39000 3806.19163  2.91%  10.3 3045s
 1890682 912745     cutoff   82      3920.39000 3806.19163  2.91%  10.3 3051s
 1892839 913829 3858.36000   85  180 3920.39000 3806.19163  2.91%  10.3 3055s
 1896113 915487 3915.95000   76  205 3920.39000 3806.19163  2.91%  10.3 3061s
 1898207 916659     cutoff   66      3920.39000 3806.19163  2.91%  10.3 3065s
 1901647 918524 3856.70072   88  210 3920.39000 3806.19163  2.91%  10.3 3071s
 1903883 919771 3806.19163   66  155 3920.39000 3806.19163  2.91%  10.3 3075s
 1906137 920856 3889.21767  101  195 3920.39000 3806.19163  2.91%  10.3 3080s
 1909572 922583     cutoff   66      3920.39000 3806.19163  2.91%  10.3 3086s
 1911808 923594 3914.55000   75  210 3920.39000 3806.19163  2.91%  10.3 3090s
 1914943 925437 3912.26163   67  208 3920.39000 3806.19163  2.91%  10.3 3096s
 1917346 926477     cutoff   70      3920.39000 3806.19163  2.91%  10.3 3101s
 1919396 927620 3873.29000   77  212 3920.39000 3806.19163  2.91%  10.3 3105s
 1922861 929278 3878.38000  117  216 3920.39000 3806.19163  2.91%  10.2 3111s
 1925104 930232 infeasible  120      3920.39000 3806.19163  2.91%  10.2 3115s
 1927281 931142 3871.89000   73  144 3920.39000 3806.19163  2.91%  10.2 3120s
 1930649 932837 3885.38153   84  207 3920.39000 3806.19163  2.91%  10.2 3126s
 1932810 933978     cutoff   59      3920.39000 3806.19163  2.91%  10.2 3130s
 1935908 935568     cutoff  115      3920.39000 3806.19163  2.91%  10.2 3136s
 1938221 936781 3855.69163   61  154 3920.39000 3806.19163  2.91%  10.2 3141s
 1940404 937826 3901.82263   72  205 3920.39000 3806.19163  2.91%  10.2 3145s
 1943350 939102 3916.45972  119  216 3920.39000 3806.19163  2.91%  10.2 3152s
 1945434 940309 3867.54297   62  172 3920.39000 3806.19163  2.91%  10.2 3156s
 1947660 941410 3836.50000   79  209 3920.39000 3806.19163  2.91%  10.2 3160s
 1950896 943001     cutoff   82      3920.39000 3806.19163  2.91%  10.2 3166s
 1953183 943998 3907.56956  116  237 3920.39000 3806.19163  2.91%  10.2 3170s
 1955335 944919     cutoff   87      3920.39000 3806.19163  2.91%  10.2 3175s
 1958488 946320 3915.14140   83  173 3920.39000 3806.19163  2.91%  10.2 3181s
 1960476 947144     cutoff   93      3920.39000 3806.19163  2.91%  10.2 3185s
 1962482 947987 3869.80000   74  143 3920.39000 3806.19163  2.91%  10.2 3190s
 1965661 949605 3846.18099   75  203 3920.39000 3806.19163  2.91%  10.2 3196s
 1968030 950368     cutoff   63      3920.39000 3806.19163  2.91%  10.2 3201s
 1970036 951165 3906.27000  104  224 3920.39000 3806.19163  2.91%  10.2 3206s
 1972053 951872 3912.23000   88  170 3920.39000 3806.19163  2.91%  10.2 3210s
 1975114 953029 3904.61099   74  204 3920.39000 3806.19163  2.91%  10.2 3217s
 1977433 953904 3886.17325   62  219 3920.39000 3806.19163  2.91%  10.2 3221s
 1979516 954832 3806.19163   55  164 3920.39000 3806.19163  2.91%  10.2 3225s
 1981660 955664     cutoff   85      3920.39000 3806.19163  2.91%  10.2 3230s
 1984641 957053 3810.49000   71  207 3920.39000 3806.19163  2.91%  10.2 3236s
 1986631 958132 3893.40212  113  224 3920.39000 3806.19163  2.91%  10.2 3240s
 1989779 959219     cutoff   67      3920.39000 3806.19163  2.91%  10.2 3247s
 1991795 960035 3870.09163   67  159 3920.39000 3806.19163  2.91%  10.2 3251s
 1993882 960986     cutoff   69      3920.39000 3806.19163  2.91%  10.2 3255s
 1995913 961768     cutoff   64      3920.39000 3806.19163  2.91%  10.2 3261s
 1997878 962666     cutoff   81      3920.39000 3806.19163  2.91%  10.2 3266s
 1999786 963505 3847.58099   81  166 3920.39000 3806.19163  2.91%  10.2 3271s
 2001739 964268 3916.88816   85  200 3920.39000 3806.19163  2.91%  10.2 3275s
 2003747 965103     cutoff   82      3920.39000 3806.19163  2.91%  10.2 3280s
 2006818 966380 3806.19163   68  169 3920.39000 3806.19163  2.91%  10.2 3286s
 2008838 967220     cutoff   66      3920.39000 3806.19163  2.91%  10.2 3291s
 2010904 967623 3914.42000   79  176 3920.39000 3806.19163  2.91%  10.2 3295s
 2011768 968160 3885.60116   99  198 3920.39000 3806.19163  2.91%  10.2 3300s
 2013690 968927 3886.17325   60  220 3920.39000 3806.19163  2.91%  10.2 3305s
 2015635 969533 3915.95000   79  208 3920.39000 3806.19163  2.91%  10.2 3310s
 2018670 970629 3806.19163   55  189 3920.39000 3806.19163  2.91%  10.2 3317s
 2020696 971436 3890.30360   93  204 3920.39000 3806.19163  2.91%  10.2 3321s
 2022753 972260 3873.29000   79  195 3920.39000 3806.19163  2.91%  10.2 3326s
 2024591 973092 3831.73000   86  189 3920.39000 3806.19163  2.91%  10.2 3330s
 2026651 973819 3885.35056   91  198 3920.39000 3806.19163  2.91%  10.2 3335s
 2029574 974897 3915.82000   71  190 3920.39000 3806.19163  2.91%  10.2 3342s
 2031573 975646     cutoff   58      3920.39000 3806.19163  2.91%  10.2 3346s
 2033562 976354 3913.77000   74  192 3920.39000 3806.19163  2.91%  10.2 3351s
 2034537 976356 3842.92163   62  158 3920.39000 3806.19163  2.91%  10.2 3355s
 2035426 976882     cutoff   58      3920.39000 3806.19163  2.91%  10.2 3361s
 2037271 977501 3898.22163   68  136 3920.39000 3806.19163  2.91%  10.2 3366s
 2039193 978277 3909.54234   68  205 3920.39000 3806.19163  2.91%  10.2 3371s
 2041235 978984 3841.95163   65  153 3920.39000 3806.19163  2.91%  10.2 3376s
 2043230 979803 3915.95000   75  190 3920.39000 3806.19163  2.91%  10.2 3381s
 2045272 980426 3915.82000   80  159 3920.39000 3806.19163  2.91%  10.2 3386s
 2047206 981190 3816.31163   59  170 3920.39000 3806.19163  2.91%  10.2 3391s
 2049123 982068 3886.45972  100  259 3920.39000 3806.19163  2.91%  10.2 3396s
 2051123 982822 3918.72000   92  243 3920.39000 3806.19163  2.91%  10.2 3401s
 2053176 983334 3806.19163   56  148 3920.39000 3806.19163  2.91%  10.2 3406s
 2054924 984100 3855.61163   66  139 3920.39000 3806.19163  2.91%  10.2 3411s
 2056845 984585 3901.11040   82  192 3920.39000 3806.19163  2.91%  10.2 3416s
 2058746 985216 3886.90953   65  160 3920.39000 3806.19163  2.91%  10.2 3421s
 2060702 985847 3817.21163   59  166 3920.39000 3806.19163  2.91%  10.2 3426s
 2062634 986429 3806.19163   59  156 3920.39000 3806.19163  2.91%  10.2 3431s
 2064492 987185 3848.58163   64  144 3920.39000 3806.19163  2.91%  10.2 3436s
 2066546 987847 3913.63000   82  169 3920.39000 3806.19163  2.91%  10.2 3441s
 2068440 988469 3915.17000   77  178 3920.39000 3806.19163  2.91%  10.2 3446s
 2070360 988976 3806.19163   52  165 3920.39000 3806.19163  2.91%  10.2 3451s
 2072306 989636 3852.27000   83  162 3920.39000 3806.19163  2.91%  10.2 3456s
 2074176 990116     cutoff   61      3920.39000 3806.19163  2.91%  10.3 3461s
 2076035 990838 3865.48163   63  158 3920.39000 3806.19163  2.91%  10.3 3466s
 2078055 991557     cutoff   81      3920.39000 3806.19163  2.91%  10.3 3471s
 2079981 992298 3807.09163   61  146 3920.39000 3806.19163  2.91%  10.3 3476s
 2082002 993139 3869.19163   66  163 3920.39000 3806.19163  2.91%  10.3 3481s
 2083889 993834     cutoff   65      3920.39000 3806.19163  2.91%  10.3 3486s
 2085839 994595     cutoff   62      3920.39000 3806.19163  2.91%  10.3 3491s
 2087777 995358     cutoff   66      3920.39000 3806.19163  2.91%  10.2 3496s
 2089719 995919 3880.36163   65  166 3920.39000 3806.19163  2.91%  10.2 3501s
 2091760 996638 3915.82000   73  175 3920.39000 3806.19163  2.91%  10.2 3506s
 2093787 997288 3884.98163   72  135 3920.39000 3806.19163  2.91%  10.2 3512s
 2095765 997990     cutoff   63      3920.39000 3806.19163  2.91%  10.2 3517s
 2096757 998277 3806.19163   53  181 3920.39000 3806.19163  2.91%  10.2 3520s
 2098796 999042     cutoff   61      3920.39000 3806.19163  2.91%  10.2 3525s
 2100726 999556 3864.23632   57  159 3920.39000 3806.19163  2.91%  10.2 3530s
 2102686 1000019     cutoff   86      3920.39000 3806.19163  2.91%  10.2 3535s
 2103892 1000588     cutoff   66      3920.39000 3806.19163  2.91%  10.2 3540s
 2105818 1001152 3872.88000   83  205 3920.39000 3806.19163  2.91%  10.2 3546s
 2107755 1001831     cutoff   60      3920.39000 3806.19163  2.91%  10.2 3550s
 2109706 1002511 3838.47163   63  146 3920.39000 3806.19163  2.91%  10.2 3555s
 2111728 1003244 3882.82475   85  212 3920.39000 3806.19163  2.91%  10.2 3561s
 2113705 1003886 3806.19163   54  158 3920.39000 3806.19163  2.91%  10.2 3566s
 2115642 1004652     cutoff   66      3920.39000 3806.19163  2.91%  10.2 3571s
 2117524 1004973     cutoff   67      3920.39000 3806.19163  2.91%  10.2 3575s
 2118576 1005684 3824.64163   66  161 3920.39000 3806.19163  2.91%  10.2 3581s
 2120594 1006258 3841.95163   63  151 3920.39000 3806.19163  2.91%  10.2 3587s
 2121439 1006561 3887.79660   85  183 3920.39000 3806.19163  2.91%  10.2 3590s
 2123480 1007293 3818.21163   60  187 3920.39000 3806.19163  2.91%  10.2 3595s
 2125503 1007856     cutoff   69      3920.39000 3806.19163  2.91%  10.3 3600s

Cutting planes:
  Gomory: 4
  Cover: 1
  Clique: 4
  MIR: 126
  Flow cover: 41
  Zero half: 1
  RLT: 8
  Lazy constraints: 7

Explored 2126157 nodes (21880306 simplex iterations) in 3600.31 seconds (731.65 work units)
Thread count was 10 (of 12 available processors)

Solution count 8: 3920.39 3920.39 3920.39 ... 3920.39

Time limit reached
Best objective 3.920389997094e+03, best bound 3.806191630724e+03, gap 2.9129%
