
Gurobi 13.0.3 (win64) logging started Thu Oct  1 02:27:56 2026

Set parameter LogFile to value "proofs\airland13_m3_gurobi.log"
Gurobi Optimizer version 13.0.3 build v13.0.3rc0 (win64 - Windows 11+.0 (26200.2))

CPU model: AMD Ryzen 5 5625U with Radeon Graphics, instruction set [SSE2|AVX|AVX2]
Thread count: 6 physical cores, 12 logical processors, using up to 10 threads

Non-default parameters:
TimeLimit  21600
MIPGap  1e-09
Threads  10

Optimize a model with 383134 rows, 252500 columns and 1155786 nonzeros (Min)
Model fingerprint: 0xa744d2ba
Model has 1000 linear objective coefficients
Variable types: 1500 continuous, 251000 integer (251000 binary)
Coefficient statistics:
  Matrix range     [4e-01, 2e+03]
  Objective range  [1e+00, 2e+00]
  Bounds range     [1e+00, 6e+04]
  RHS range        [1e-01, 5e+04]

Loaded user MIP start with objective 673.85

Presolve removed 362640 rows and 242121 columns
Presolve time: 0.26s
Presolved: 20494 rows, 10379 columns, 67500 nonzeros
Variable types: 1500 continuous, 8879 integer (8879 binary)
Performing another presolve...
Presolve removed 869 rows and 369 columns
Presolve time: 0.37s

Root relaxation: objective 4.745289e-12, 1549 iterations, 0.03 seconds (0.02 work units)

    Nodes    |    Current Node    |     Objective Bounds      |     Work
 Expl Unexpl |  Obj  Depth IntInf | Incumbent    BestBd   Gap | It/Node Time

     0     0    0.00000    0  996  673.85000    0.00000   100%     -    2s
     0     0    0.00000    0 1041  673.85000    0.00000   100%     -    9s
     0     0    0.00000    0 1105  673.85000    0.00000   100%     -   10s
     0     0    0.00000    0 1151  673.85000    0.00000   100%     -   15s
     0     0    0.00000    0  593  673.85000    0.00000   100%     -   16s
     0     0    0.00000    0  732  673.85000    0.00000   100%     -   19s
     0     0    0.00000    0 1167  673.85000    0.00000   100%     -   20s
     0     0    0.00000    0  111  673.85000    0.00000   100%     -   20s
     0     0    0.00000    0  185  673.85000    0.00000   100%     -   22s
     0     0    0.00000    0  720  673.85000    0.00000   100%     -   22s
     0     0    0.00000    0  155  673.85000    0.00000   100%     -   23s
     0     0    0.00000    0  392  673.85000    0.00000   100%     -   24s
     0     0    0.00000    0  659  673.85000    0.00000   100%     -   24s
     0     0    0.00000    0  143  673.85000    0.00000   100%     -   25s
     0     0    0.00000    0  164  673.85000    0.00000   100%     -   26s
     0     0    0.00000    0  617  673.85000    0.00000   100%     -   27s
     0     0    0.00000    0  170  673.85000    0.00000   100%     -   27s
     0     0    0.00000    0  356  673.85000    0.00000   100%     -   28s
     0     0    0.00000    0  634  673.85000    0.00000   100%     -   29s
     0     0    0.00000    0  160  673.85000    0.00000   100%     -   29s
     0     0    0.00000    0  159  673.85000    0.00000   100%     -   30s
     0     0    0.00000    0  113  673.85000    0.00000   100%     -   31s
     0     2    0.00000    0  105  673.85000    0.00000   100%     -   32s
    60    71    0.00000    8  371  673.85000    0.00000   100%  73.5   35s
   304   315   68.64000   26  381  673.85000    0.00000   100%  23.5   40s
   543   555  313.98000   44  362  673.85000    0.00000   100%  19.7   45s
   933   974  429.40000   67  318  673.85000    0.00000   100%  18.7   50s
  1148  1138  429.40000   82  369  673.85000    0.00000   100%  19.2   55s
  1383  1335  632.44000  120  215  673.85000    0.00000   100%  20.0   61s
  1756  1701    0.00000   15  467  673.85000    0.00000   100%  19.1   65s
  1915  1837    0.00000   26  427  673.85000    0.00000   100%  18.3   70s
  2498  2427  307.49000   63  404  673.85000    0.00000   100%  17.4   76s
  3137  3057  311.65000   89  453  673.85000    0.00000   100%  17.9   80s
  3342  3059  315.70000   84  998  673.85000    0.00000   100%  18.0   91s
  3344  3061  240.15000   41 1388  673.85000    0.00000   100%  18.0   95s
  3346  3062  516.90000   74  841  673.85000    0.00000   100%  17.9  100s
  3349  3064  296.28000   62  419  673.85000    0.00000   100%  17.9  105s
  3354  3067  549.04000   57  135  673.85000    0.00000   100%  17.9  111s
  3357  3069  476.36000   60  257  673.85000    0.48788   100%  17.9  115s
  3362  3073  128.66000   57  523  673.85000    4.29925  99.4%  17.9  120s
  3369  3077  394.82000   64  548  673.85000   10.93710  98.4%  17.8  125s
  3378  3083  197.52000   43  599  673.85000   19.13748  97.2%  17.8  130s
  3390  3091  216.34000   47  659  673.85000   36.25154  94.6%  17.7  135s
  3403  3100  375.96000   59  646  673.85000   62.38624  90.7%  17.6  141s
  3417  3109  136.07000   20  582  673.85000  105.98491  84.3%  17.6  145s
  3437  3123  260.69000    4  603  673.85000  132.42543  80.3%  17.5  150s
  3441  3125  256.82000   42  520  673.85000  150.38453  77.7%  17.5  157s
  3456  3135  240.32000   70  541  673.85000  173.94246  74.2%  17.4  160s
  3481  3152  493.49000   72  548  673.85000  220.54393  67.3%  17.3  165s
  3503  3167  375.96000   59  523  673.85000  237.62588  64.7%  17.1  170s
  3526  3182  351.11000   91  536  673.85000  249.16328  63.0%  17.0  175s
  3547  3196  365.01000   79  499  673.85000  273.12110  59.5%  16.9  180s
  3566  3209  286.88735   18  496  673.85000  286.88735  57.4%  16.8  185s
  3587  3223  290.00309   26  518  673.85000  290.00309  57.0%  16.7  190s
  3609  3237  355.42000   61  498  673.85000  290.83986  56.8%  16.6  195s
  3627  3249  321.49000   81  466  673.85000  294.00862  56.4%  16.6  200s
  3647  3263  365.01000   79  464  673.85000  296.61040  56.0%  16.5  205s
  3670  3278  311.65000   95  438  673.85000  307.25107  54.4%  16.4  210s
  3697  3296  317.80537   79  491  673.85000  317.80537  52.8%  16.2  215s
  3716  3309  360.76269   52  499  673.85000  325.16806  51.7%  16.2  220s
  3736  3322  330.52117   24  480  673.85000  330.52117  51.0%  16.1  225s
  3758  3337  556.09000   80  477  673.85000  337.77398  49.9%  16.0  230s
  3774  3347  340.18417   58  203  673.85000  340.18417  49.5%  15.9  235s
  3791  3359  554.90000  116  322  673.85000  343.40438  49.0%  15.8  240s
  3805  3368  354.95000  125  368  673.85000  346.67638  48.6%  15.8  245s
  3824  3381  414.34000   53  383  673.85000  349.48819  48.1%  15.7  250s
  3827  3384  349.67335   81 1357  673.85000  349.67335  48.1%  50.1  276s
  3848  3398  551.47349  122  125  673.85000  551.47349  18.2%  49.8  281s
  3857  3405  554.11275   60  180  673.85000  554.11275  17.8%  54.0  285s

Cutting planes:
  Gomory: 7
  MIR: 12
  Flow cover: 22
  Inf proof: 1
  Zero half: 3
  RLT: 2
  BQP: 5

Explored 4577 nodes (256224 simplex iterations) in 287.49 seconds (46.68 work units)
Thread count was 10 (of 12 available processors)

Solution count 4: 673.85 673.85 673.85 673.85 

Optimal solution found (tolerance 1.00e-09)
Best objective 6.738500000000e+02, best bound 6.738500000000e+02, gap 0.0000%
