
Gurobi 13.0.3 (win64) logging started Wed Sep 30 17:30:39 2026

Set parameter LogFile to value "proofs\airland10_m2_gurobi.log"
Gurobi Optimizer version 13.0.3 build v13.0.3rc0 (win64 - Windows 11+.0 (26200.2))

CPU model: AMD Ryzen 5 5625U with Radeon Graphics, instruction set [SSE2|AVX|AVX2]
Thread count: 6 physical cores, 12 logical processors, using up to 10 threads

Non-default parameters:
TimeLimit  21600
MIPGap  1e-09
Threads  10

Optimize a model with 25666 rows, 23100 columns and 79414 nonzeros (Min)
Model fingerprint: 0xe0f04249
Model has 300 linear objective coefficients
Variable types: 450 continuous, 22650 integer (22650 binary)
Coefficient statistics:
  Matrix range     [8e-01, 3e+03]
  Objective range  [1e+00, 2e+00]
  Bounds range     [1e+00, 2e+04]
  RHS range        [9e-02, 2e+04]

Loaded user MIP start with objective 1143.7

Presolve removed 19812 rows and 19750 columns
Presolve time: 0.05s
Presolved: 5854 rows, 3350 columns, 20117 nonzeros
Variable types: 450 continuous, 2900 integer (2900 binary)

Root relaxation: objective 0.000000e+00, 623 iterations, 0.01 seconds (0.02 work units)

    Nodes    |    Current Node    |     Objective Bounds      |     Work
 Expl Unexpl |  Obj  Depth IntInf | Incumbent    BestBd   Gap | It/Node Time

     0     0    0.00000    0   43 1143.70000    0.00000   100%     -    0s
     0     0    0.00000    0  221 1143.70000    0.00000   100%     -    0s
     0     0    0.00000    0  263 1143.70000    0.00000   100%     -    0s
     0     0    0.00000    0   72 1143.70000    0.00000   100%     -    0s
     0     0    0.00000    0   67 1143.70000    0.00000   100%     -    0s
     0     0   71.97502    0  211 1143.70000   71.97502  93.7%     -    0s
     0     0   71.97502    0   93 1143.70000   71.97502  93.7%     -    0s
     0     0   71.97502    0  192 1143.70000   71.97502  93.7%     -    0s
     0     0   80.91873    0  195 1143.70000   80.91873  92.9%     -    0s
     0     0   80.91873    0  196 1143.70000   80.91873  92.9%     -    0s
     0     0  144.69002    0  215 1143.70000  144.69002  87.3%     -    0s
     0     0  242.81859    0  212 1143.70000  242.81859  78.8%     -    0s
     0     0  242.82167    0  211 1143.70000  242.82167  78.8%     -    0s
     0     0  343.12038    0  211 1143.70000  343.12038  70.0%     -    0s
     0     0  411.13807    0  216 1143.70000  411.13807  64.1%     -    0s
     0     0  412.49250    0  219 1143.70000  412.49250  63.9%     -    0s
     0     0  413.95333    0  217 1143.70000  413.95333  63.8%     -    0s
     0     0  413.95333    0  219 1143.70000  413.95333  63.8%     -    0s
     0     0  462.31703    0  216 1143.70000  462.31703  59.6%     -    0s
     0     0  473.60737    0  213 1143.70000  473.60737  58.6%     -    0s
     0     0  473.61400    0  214 1143.70000  473.61400  58.6%     -    0s
     0     0  490.16542    0  213 1143.70000  490.16542  57.1%     -    0s
     0     0  496.76875    0  208 1143.70000  496.76875  56.6%     -    1s
     0     0  496.76875    0  209 1143.70000  496.76875  56.6%     -    1s
     0     0  509.36367    0  208 1143.70000  509.36367  55.5%     -    1s
     0     0  520.41489    0  211 1143.70000  520.41489  54.5%     -    1s
     0     0  520.41489    0  215 1143.70000  520.41489  54.5%     -    1s
     0     0  520.41489    0  215 1143.70000  520.41489  54.5%     -    1s
     0     0  520.41489    0  214 1143.70000  520.41489  54.5%     -    1s
     0     0  522.23981    0  221 1143.70000  522.23981  54.3%     -    1s
     0     0  534.83939    0  220 1143.70000  534.83939  53.2%     -    1s
     0     0  534.83939    0  223 1143.70000  534.83939  53.2%     -    1s
     0     0  534.83939    0  222 1143.70000  534.83939  53.2%     -    1s
     0     0  534.83939    0  224 1143.70000  534.83939  53.2%     -    1s
     0     0  536.26167    0  224 1143.70000  536.26167  53.1%     -    1s
     0     0  536.26167    0  227 1143.70000  536.26167  53.1%     -    1s
     0     0  536.26167    0  226 1143.70000  536.26167  53.1%     -    1s
     0     0  536.26167    0  226 1143.70000  536.26167  53.1%     -    1s
     0     0  536.26167    0  226 1143.70000  536.26167  53.1%     -    1s
     0     0  536.26167    0  227 1143.70000  536.26167  53.1%     -    1s
     0     0  536.26167    0  222 1143.70000  536.26167  53.1%     -    1s
     0     0  536.26167    0  222 1143.70000  536.26167  53.1%     -    1s
     0     0  536.26167    0  137 1143.70000  536.26167  53.1%     -    1s
     0     2  536.26167    0  129 1143.70000  536.26167  53.1%     -    1s
  2037  1626 1083.57520   43  137 1143.70000  689.72379  39.7%   9.7    8s
  2068  1647 1096.33520   47  178 1143.70000  782.62314  31.6%   9.6   10s
 10273  3718     cutoff   29      1143.70000  917.64546  19.8%   9.6   15s

Cutting planes:
  Gomory: 9
  Cover: 10
  Clique: 2
  MIR: 66
  Flow cover: 154
  RLT: 1

Explored 30109 nodes (329727 simplex iterations) in 17.70 seconds (10.55 work units)
Thread count was 10 (of 12 available processors)

Solution count 3: 1143.7 1143.7 1143.7 

Optimal solution found (tolerance 1.00e-09)
Best objective 1.143700000000e+03, best bound 1.143700000000e+03, gap 0.0000%
